20:01:55 **** Incremental Build of configuration Debug for project 01_ToggleLED_WithBTN ****
make -j4 all 
arm-none-eabi-gcc -mcpu=cortex-m4 -g3 -DDEBUG -c -x assembler-with-cpp -MMD -MP -MF"Startup/startup_stm32f401ccux.d" -MT"Startup/startup_stm32f401ccux.o" --specs=nano.specs -mfloat-abi=soft -mthumb -o "Startup/startup_stm32f401ccux.o" "../Startup/startup_stm32f401ccux.s"
arm-none-eabi-gcc "../Src/main.c" -mcpu=cortex-m4 -std=gnu11 -g3 -DDEBUG -DSTM32F401CCUx -DSTM32 -DSTM32F4 -c -I../Inc -O0 -ffunction-sections -fdata-sections -Wall -fstack-usage -MMD -MP -MF"Src/main.d" -MT"Src/main.o" --specs=nano.specs -mfloat-abi=soft -mthumb -o "Src/main.o"
arm-none-eabi-gcc "../Src/syscalls.c" -mcpu=cortex-m4 -std=gnu11 -g3 -DDEBUG -DSTM32F401CCUx -DSTM32 -DSTM32F4 -c -I../Inc -O0 -ffunction-sections -fdata-sections -Wall -fstack-usage -MMD -MP -MF"Src/syscalls.d" -MT"Src/syscalls.o" --specs=nano.specs -mfloat-abi=soft -mthumb -o "Src/syscalls.o"
arm-none-eabi-gcc "../Src/sysmem.c" -mcpu=cortex-m4 -std=gnu11 -g3 -DDEBUG -DSTM32F401CCUx -DSTM32 -DSTM32F4 -c -I../Inc -O0 -ffunction-sections -fdata-sections -Wall -fstack-usage -MMD -MP -MF"Src/sysmem.d" -MT"Src/sysmem.o" --specs=nano.specs -mfloat-abi=soft -mthumb -o "Src/sysmem.o"
arm-none-eabi-gcc -o "01_ToggleLED_WithBTN.elf" @"objects.list"   -mcpu=cortex-m4 -T"C:\Users\Ahmed Khaled Hammad\Documents\ARM_BlackPill\STM_CubeProjects\01_ToggleLED_WithBTN\STM32F401CCUX_FLASH.ld" --specs=nosys.specs -Wl,-Map="01_ToggleLED_WithBTN.map" -Wl,--gc-sections -static --specs=nano.specs -mfloat-abi=soft -mthumb -Wl,--start-group -lc -lm -Wl,--end-group
Finished building target: 01_ToggleLED_WithBTN.elf
 
arm-none-eabi-size   01_ToggleLED_WithBTN.elf 
arm-none-eabi-objdump -h -S  01_ToggleLED_WithBTN.elf  > "01_ToggleLED_WithBTN.list"
   text	   data	    bss	    dec	    hex	filename
    656	      8	   1568	   2232	    8b8	01_ToggleLED_WithBTN.elf
arm-none-eabi-objcopy  -O binary  01_ToggleLED_WithBTN.elf  "01_ToggleLED_WithBTN.bin"
Finished building: default.size.stdout
 
Finished building: 01_ToggleLED_WithBTN.list
Finished building: 01_ToggleLED_WithBTN.bin
 
 

20:01:57 Build Finished. 0 errors, 0 warnings. (took 1s.935ms)

