08:12:57 **** Build of configuration Debug for project _Smart_home ****
make -j4 all 
arm-none-eabi-gcc -mcpu=cortex-m4 -g3 -DDEBUG -c -x assembler-with-cpp -MMD -MP -MF"Startup/startup_stm32f401vetx.d" -MT"Startup/startup_stm32f401vetx.o" --specs=nano.specs -mfpu=fpv4-sp-d16 -mfloat-abi=hard -mthumb -o "Startup/startup_stm32f401vetx.o" "../Startup/startup_stm32f401vetx.s"
arm-none-eabi-gcc "../Src/Service/MQTT.c" -mcpu=cortex-m4 -std=gnu11 -g3 -DDEBUG -DSTM32 -DSTM32F4 -DSTM32F401VETx -c -I../Inc -O0 -ffunction-sections -fdata-sections -Wall -fstack-usage -MMD -MP -MF"Src/Service/MQTT.d" -MT"Src/Service/MQTT.o" --specs=nano.specs -mfpu=fpv4-sp-d16 -mfloat-abi=hard -mthumb -o "Src/Service/MQTT.o"
arm-none-eabi-gcc "../Src/MCAL/USART/UART_program.c" -mcpu=cortex-m4 -std=gnu11 -g3 -DDEBUG -DSTM32 -DSTM32F4 -DSTM32F401VETx -c -I../Inc -O0 -ffunction-sections -fdata-sections -Wall -fstack-usage -MMD -MP -MF"Src/MCAL/USART/UART_program.d" -MT"Src/MCAL/USART/UART_program.o" --specs=nano.specs -mfpu=fpv4-sp-d16 -mfloat-abi=hard -mthumb -o "Src/MCAL/USART/UART_program.o"
arm-none-eabi-gcc "../Src/MCAL/RCC/RCC_prog.c" -mcpu=cortex-m4 -std=gnu11 -g3 -DDEBUG -DSTM32 -DSTM32F4 -DSTM32F401VETx -c -I../Inc -O0 -ffunction-sections -fdata-sections -Wall -fstack-usage -MMD -MP -MF"Src/MCAL/RCC/RCC_prog.d" -MT"Src/MCAL/RCC/RCC_prog.o" --specs=nano.specs -mfpu=fpv4-sp-d16 -mfloat-abi=hard -mthumb -o "Src/MCAL/RCC/RCC_prog.o"
../Src/Service/MQTT.c: In function 'MQTT_Connect':
../Src/Service/MQTT.c:38:28: warning: pointer targets in passing argument 1 of 'strlen' differ in signedness [-Wpointer-sign]
   38 |  u8 remLen = ( 12 + strlen(clientID));
      |                            ^~~~~~~~
      |                            |
      |                            u8 * {aka unsigned char *}
In file included from ../Src/Service/MQTT.c:18:
c:\st\stm32cubeide_1.8.0\stm32cubeide\plugins\com.st.stm32cube.ide.mcu.externaltools.gnu-tools-for-stm32.9-2020-q2-update.win32_2.0.0.202105311346\tools\arm-none-eabi\include\string.h:41:17: note: expected 'const char *' but argument is of type 'u8 *' {aka 'unsigned char *'}
   41 | size_t  strlen (const char *);
      |                 ^~~~~~~~~~~~
../Src/Service/MQTT.c:45:15: warning: pointer targets in passing argument 1 of 'strcpy' differ in signedness [-Wpointer-sign]
   45 |  strcpy(packet+packetInd,protocolName);
      |         ~~~~~~^~~~~~~~~~
      |               |
      |               u8 * {aka unsigned char *}
In file included from ../Src/Service/MQTT.c:18:
c:\st\stm32cubeide_1.8.0\stm32cubeide\plugins\com.st.stm32cube.ide.mcu.externaltools.gnu-tools-for-stm32.9-2020-q2-update.win32_2.0.0.202105311346\tools\arm-none-eabi\include\string.h:38:8: note: expected 'char * restrict' but argument is of type 'u8 *' {aka 'unsigned char *'}
   38 | char  *strcpy (char *__restrict, const char *__restrict);
      |        ^~~~~~
../Src/Service/MQTT.c:53:31: warning: pointer targets in passing argument 1 of 'strlen' differ in signedness [-Wpointer-sign]
   53 |  packet[packetInd++] = strlen(clientID);
      |                               ^~~~~~~~
      |                               |
      |                               u8 * {aka unsigned char *}
In file included from ../Src/Service/MQTT.c:18:
c:\st\stm32cubeide_1.8.0\stm32cubeide\plugins\com.st.stm32cube.ide.mcu.externaltools.gnu-tools-for-stm32.9-2020-q2-update.win32_2.0.0.202105311346\tools\arm-none-eabi\include\string.h:41:17: note: expected 'const char *' but argument is of type 'u8 *' {aka 'unsigned char *'}
   41 | size_t  strlen (const char *);
      |                 ^~~~~~~~~~~~
../Src/Service/MQTT.c:54:15: warning: pointer targets in passing argument 1 of 'strcpy' differ in signedness [-Wpointer-sign]
   54 |  strcpy(packet+packetInd,clientID);
      |         ~~~~~~^~~~~~~~~~
      |               |
      |               u8 * {aka unsigned char *}
In file included from ../Src/Service/MQTT.c:18:
c:\st\stm32cubeide_1.8.0\stm32cubeide\plugins\com.st.stm32cube.ide.mcu.externaltools.gnu-tools-for-stm32.9-2020-q2-update.win32_2.0.0.202105311346\tools\arm-none-eabi\include\string.h:38:8: note: expected 'char * restrict' but argument is of type 'u8 *' {aka 'unsigned char *'}
   38 | char  *strcpy (char *__restrict, const char *__restrict);
      |        ^~~~~~
../Src/Service/MQTT.c:54:26: warning: pointer targets in passing argument 2 of 'strcpy' differ in signedness [-Wpointer-sign]
   54 |  strcpy(packet+packetInd,clientID);
      |                          ^~~~~~~~
      |                          |
      |                          u8 * {aka unsigned char *}
In file included from ../Src/Service/MQTT.c:18:
c:\st\stm32cubeide_1.8.0\stm32cubeide\plugins\com.st.stm32cube.ide.mcu.externaltools.gnu-tools-for-stm32.9-2020-q2-update.win32_2.0.0.202105311346\tools\arm-none-eabi\include\string.h:38:8: note: expected 'const char * restrict' but argument is of type 'u8 *' {aka 'unsigned char *'}
   38 | char  *strcpy (char *__restrict, const char *__restrict);
      |        ^~~~~~
../Src/Service/MQTT.c:55:22: warning: pointer targets in passing argument 1 of 'strlen' differ in signedness [-Wpointer-sign]
   55 |  packetInd += strlen(clientID);
      |                      ^~~~~~~~
      |                      |
      |                      u8 * {aka unsigned char *}
In file included from ../Src/Service/MQTT.c:18:
c:\st\stm32cubeide_1.8.0\stm32cubeide\plugins\com.st.stm32cube.ide.mcu.externaltools.gnu-tools-for-stm32.9-2020-q2-update.win32_2.0.0.202105311346\tools\arm-none-eabi\include\string.h:41:17: note: expected 'const char *' but argument is of type 'u8 *' {aka 'unsigned char *'}
   41 | size_t  strlen (const char *);
      |                 ^~~~~~~~~~~~
../Src/Service/MQTT.c: In function 'MQTT_Publish':
../Src/Service/MQTT.c:72:26: warning: pointer targets in passing argument 1 of 'strlen' differ in signedness [-Wpointer-sign]
   72 |  u8 remLen = (2 + strlen(topic) + len );
      |                          ^~~~~
      |                          |
      |                          u8 * {aka unsigned char *}
In file included from ../Src/Service/MQTT.c:18:
c:\st\stm32cubeide_1.8.0\stm32cubeide\plugins\com.st.stm32cube.ide.mcu.externaltools.gnu-tools-for-stm32.9-2020-q2-update.win32_2.0.0.202105311346\tools\arm-none-eabi\include\string.h:41:17: note: expected 'const char *' but argument is of type 'u8 *' {aka 'unsigned char *'}
   41 | size_t  strlen (const char *);
      |                 ^~~~~~~~~~~~
../Src/Service/MQTT.c:83:31: warning: pointer targets in passing argument 1 of 'strlen' differ in signedness [-Wpointer-sign]
   83 |  packet[packetInd++] = strlen(topic);
      |                               ^~~~~
      |                               |
      |                               u8 * {aka unsigned char *}
In file included from ../Src/Service/MQTT.c:18:
c:\st\stm32cubeide_1.8.0\stm32cubeide\plugins\com.st.stm32cube.ide.mcu.externaltools.gnu-tools-for-stm32.9-2020-q2-update.win32_2.0.0.202105311346\tools\arm-none-eabi\include\string.h:41:17: note: expected 'const char *' but argument is of type 'u8 *' {aka 'unsigned char *'}
   41 | size_t  strlen (const char *);
      |                 ^~~~~~~~~~~~
../Src/Service/MQTT.c:84:15: warning: pointer targets in passing argument 1 of 'strcpy' differ in signedness [-Wpointer-sign]
   84 |  strcpy(packet+packetInd,topic);
      |         ~~~~~~^~~~~~~~~~
      |               |
      |               u8 * {aka unsigned char *}
In file included from ../Src/Service/MQTT.c:18:
c:\st\stm32cubeide_1.8.0\stm32cubeide\plugins\com.st.stm32cube.ide.mcu.externaltools.gnu-tools-for-stm32.9-2020-q2-update.win32_2.0.0.202105311346\tools\arm-none-eabi\include\string.h:38:8: note: expected 'char * restrict' but argument is of type 'u8 *' {aka 'unsigned char *'}
   38 | char  *strcpy (char *__restrict, const char *__restrict);
      |        ^~~~~~
../Src/Service/MQTT.c:84:26: warning: pointer targets in passing argument 2 of 'strcpy' differ in signedness [-Wpointer-sign]
   84 |  strcpy(packet+packetInd,topic);
      |                          ^~~~~
      |                          |
      |                          u8 * {aka unsigned char *}
In file included from ../Src/Service/MQTT.c:18:
c:\st\stm32cubeide_1.8.0\stm32cubeide\plugins\com.st.stm32cube.ide.mcu.externaltools.gnu-tools-for-stm32.9-2020-q2-update.win32_2.0.0.202105311346\tools\arm-none-eabi\include\string.h:38:8: note: expected 'const char * restrict' but argument is of type 'u8 *' {aka 'unsigned char *'}
   38 | char  *strcpy (char *__restrict, const char *__restrict);
      |        ^~~~~~
../Src/Service/MQTT.c:85:22: warning: pointer targets in passing argument 1 of 'strlen' differ in signedness [-Wpointer-sign]
   85 |  packetInd += strlen(topic);
      |                      ^~~~~
      |                      |
      |                      u8 * {aka unsigned char *}
In file included from ../Src/Service/MQTT.c:18:
c:\st\stm32cubeide_1.8.0\stm32cubeide\plugins\com.st.stm32cube.ide.mcu.externaltools.gnu-tools-for-stm32.9-2020-q2-update.win32_2.0.0.202105311346\tools\arm-none-eabi\include\string.h:41:17: note: expected 'const char *' but argument is of type 'u8 *' {aka 'unsigned char *'}
   41 | size_t  strlen (const char *);
      |                 ^~~~~~~~~~~~
../Src/Service/MQTT.c: In function 'MQTT_Subscribe':
../Src/Service/MQTT.c:110:26: warning: pointer targets in passing argument 1 of 'strlen' differ in signedness [-Wpointer-sign]
  110 |  u8 remLen = (5 + strlen(topic));
      |                          ^~~~~
      |                          |
      |                          u8 * {aka unsigned char *}
In file included from ../Src/Service/MQTT.c:18:
c:\st\stm32cubeide_1.8.0\stm32cubeide\plugins\com.st.stm32cube.ide.mcu.externaltools.gnu-tools-for-stm32.9-2020-q2-update.win32_2.0.0.202105311346\tools\arm-none-eabi\include\string.h:41:17: note: expected 'const char *' but argument is of type 'u8 *' {aka 'unsigned char *'}
   41 | size_t  strlen (const char *);
      |                 ^~~~~~~~~~~~
../Src/Service/MQTT.c:121:31: warning: pointer targets in passing argument 1 of 'strlen' differ in signedness [-Wpointer-sign]
  121 |  packet[packetInd++] = strlen(topic);
      |                               ^~~~~
      |                               |
      |                               u8 * {aka unsigned char *}
In file included from ../Src/Service/MQTT.c:18:
c:\st\stm32cubeide_1.8.0\stm32cubeide\plugins\com.st.stm32cube.ide.mcu.externaltools.gnu-tools-for-stm32.9-2020-q2-update.win32_2.0.0.202105311346\tools\arm-none-eabi\include\string.h:41:17: note: expected 'const char *' but argument is of type 'u8 *' {aka 'unsigned char *'}
   41 | size_t  strlen (const char *);
      |                 ^~~~~~~~~~~~
../Src/Service/MQTT.c:122:15: warning: pointer targets in passing argument 1 of 'strcpy' differ in signedness [-Wpointer-sign]
  122 |  strcpy(packet+packetInd,topic);
      |         ~~~~~~^~~~~~~~~~
      |               |
      |               u8 * {aka unsigned char *}
In file included from ../Src/Service/MQTT.c:18:
c:\st\stm32cubeide_1.8.0\stm32cubeide\plugins\com.st.stm32cube.ide.mcu.externaltools.gnu-tools-for-stm32.9-2020-q2-update.win32_2.0.0.202105311346\tools\arm-none-eabi\include\string.h:38:8: note: expected 'char * restrict' but argument is of type 'u8 *' {aka 'unsigned char *'}
   38 | char  *strcpy (char *__restrict, const char *__restrict);
      |        ^~~~~~
../Src/Service/MQTT.c:122:26: warning: pointer targets in passing argument 2 of 'strcpy' differ in signedness [-Wpointer-sign]
  122 |  strcpy(packet+packetInd,topic);
      |                          ^~~~~
      |                          |
      |                          u8 * {aka unsigned char *}
In file included from ../Src/Service/MQTT.c:18:
c:\st\stm32cubeide_1.8.0\stm32cubeide\plugins\com.st.stm32cube.ide.mcu.externaltools.gnu-tools-for-stm32.9-2020-q2-update.win32_2.0.0.202105311346\tools\arm-none-eabi\include\string.h:38:8: note: expected 'const char * restrict' but argument is of type 'u8 *' {aka 'unsigned char *'}
   38 | char  *strcpy (char *__restrict, const char *__restrict);
      |        ^~~~~~
../Src/Service/MQTT.c:123:22: warning: pointer targets in passing argument 1 of 'strlen' differ in signedness [-Wpointer-sign]
  123 |  packetInd += strlen(topic);
      |                      ^~~~~
      |                      |
      |                      u8 * {aka unsigned char *}
In file included from ../Src/Service/MQTT.c:18:
c:\st\stm32cubeide_1.8.0\stm32cubeide\plugins\com.st.stm32cube.ide.mcu.externaltools.gnu-tools-for-stm32.9-2020-q2-update.win32_2.0.0.202105311346\tools\arm-none-eabi\include\string.h:41:17: note: expected 'const char *' but argument is of type 'u8 *' {aka 'unsigned char *'}
   41 | size_t  strlen (const char *);
      |                 ^~~~~~~~~~~~
arm-none-eabi-gcc "../Src/MCAL/NVIC/NVIC_program.c" -mcpu=cortex-m4 -std=gnu11 -g3 -DDEBUG -DSTM32 -DSTM32F4 -DSTM32F401VETx -c -I../Inc -O0 -ffunction-sections -fdata-sections -Wall -fstack-usage -MMD -MP -MF"Src/MCAL/NVIC/NVIC_program.d" -MT"Src/MCAL/NVIC/NVIC_program.o" --specs=nano.specs -mfpu=fpv4-sp-d16 -mfloat-abi=hard -mthumb -o "Src/MCAL/NVIC/NVIC_program.o"
arm-none-eabi-gcc "../Src/MCAL/GPIO/GPIO_prog.c" -mcpu=cortex-m4 -std=gnu11 -g3 -DDEBUG -DSTM32 -DSTM32F4 -DSTM32F401VETx -c -I../Inc -O0 -ffunction-sections -fdata-sections -Wall -fstack-usage -MMD -MP -MF"Src/MCAL/GPIO/GPIO_prog.d" -MT"Src/MCAL/GPIO/GPIO_prog.o" --specs=nano.specs -mfpu=fpv4-sp-d16 -mfloat-abi=hard -mthumb -o "Src/MCAL/GPIO/GPIO_prog.o"
arm-none-eabi-gcc "../Src/MCAL/EXTI/EXTI_prog.c" -mcpu=cortex-m4 -std=gnu11 -g3 -DDEBUG -DSTM32 -DSTM32F4 -DSTM32F401VETx -c -I../Inc -O0 -ffunction-sections -fdata-sections -Wall -fstack-usage -MMD -MP -MF"Src/MCAL/EXTI/EXTI_prog.d" -MT"Src/MCAL/EXTI/EXTI_prog.o" --specs=nano.specs -mfpu=fpv4-sp-d16 -mfloat-abi=hard -mthumb -o "Src/MCAL/EXTI/EXTI_prog.o"
../Src/MCAL/NVIC/NVIC_program.c: In function 'MNVICE_u8IsInterruptActive':
../Src/MCAL/NVIC/NVIC_program.c:47:9: warning: implicit declaration of function 'GET_BIT' [-Wimplicit-function-declaration]
   47 |  return GET_BIT(NVIC_REG->IABR[copy_u8IntNum / 32], copy_u8IntNum);
      |         ^~~~~~~
arm-none-eabi-gcc "../Src/MCAL/ADC/ADC_prog.c" -mcpu=cortex-m4 -std=gnu11 -g3 -DDEBUG -DSTM32 -DSTM32F4 -DSTM32F401VETx -c -I../Inc -O0 -ffunction-sections -fdata-sections -Wall -fstack-usage -MMD -MP -MF"Src/MCAL/ADC/ADC_prog.d" -MT"Src/MCAL/ADC/ADC_prog.o" --specs=nano.specs -mfpu=fpv4-sp-d16 -mfloat-abi=hard -mthumb -o "Src/MCAL/ADC/ADC_prog.o"
arm-none-eabi-gcc "../Src/HAL/TempSensor/TempSensor_prog.c" -mcpu=cortex-m4 -std=gnu11 -g3 -DDEBUG -DSTM32 -DSTM32F4 -DSTM32F401VETx -c -I../Inc -O0 -ffunction-sections -fdata-sections -Wall -fstack-usage -MMD -MP -MF"Src/HAL/TempSensor/TempSensor_prog.d" -MT"Src/HAL/TempSensor/TempSensor_prog.o" --specs=nano.specs -mfpu=fpv4-sp-d16 -mfloat-abi=hard -mthumb -o "Src/HAL/TempSensor/TempSensor_prog.o"
arm-none-eabi-gcc "../Src/HAL/Relay/RELAY_prog.c" -mcpu=cortex-m4 -std=gnu11 -g3 -DDEBUG -DSTM32 -DSTM32F4 -DSTM32F401VETx -c -I../Inc -O0 -ffunction-sections -fdata-sections -Wall -fstack-usage -MMD -MP -MF"Src/HAL/Relay/RELAY_prog.d" -MT"Src/HAL/Relay/RELAY_prog.o" --specs=nano.specs -mfpu=fpv4-sp-d16 -mfloat-abi=hard -mthumb -o "Src/HAL/Relay/RELAY_prog.o"
arm-none-eabi-gcc "../Src/HAL/PIR/PIR_prog.c" -mcpu=cortex-m4 -std=gnu11 -g3 -DDEBUG -DSTM32 -DSTM32F4 -DSTM32F401VETx -c -I../Inc -O0 -ffunction-sections -fdata-sections -Wall -fstack-usage -MMD -MP -MF"Src/HAL/PIR/PIR_prog.d" -MT"Src/HAL/PIR/PIR_prog.o" --specs=nano.specs -mfpu=fpv4-sp-d16 -mfloat-abi=hard -mthumb -o "Src/HAL/PIR/PIR_prog.o"
arm-none-eabi-gcc "../Src/HAL/Motor/Motor_Config.c" -mcpu=cortex-m4 -std=gnu11 -g3 -DDEBUG -DSTM32 -DSTM32F4 -DSTM32F401VETx -c -I../Inc -O0 -ffunction-sections -fdata-sections -Wall -fstack-usage -MMD -MP -MF"Src/HAL/Motor/Motor_Config.d" -MT"Src/HAL/Motor/Motor_Config.o" --specs=nano.specs -mfpu=fpv4-sp-d16 -mfloat-abi=hard -mthumb -o "Src/HAL/Motor/Motor_Config.o"
arm-none-eabi-gcc "../Src/HAL/Motor/Motor_Program.c" -mcpu=cortex-m4 -std=gnu11 -g3 -DDEBUG -DSTM32 -DSTM32F4 -DSTM32F401VETx -c -I../Inc -O0 -ffunction-sections -fdata-sections -Wall -fstack-usage -MMD -MP -MF"Src/HAL/Motor/Motor_Program.d" -MT"Src/HAL/Motor/Motor_Program.o" --specs=nano.specs -mfpu=fpv4-sp-d16 -mfloat-abi=hard -mthumb -o "Src/HAL/Motor/Motor_Program.o"
arm-none-eabi-gcc "../Src/HAL/LoginSystem/LoginSystem_prog.c" -mcpu=cortex-m4 -std=gnu11 -g3 -DDEBUG -DSTM32 -DSTM32F4 -DSTM32F401VETx -c -I../Inc -O0 -ffunction-sections -fdata-sections -Wall -fstack-usage -MMD -MP -MF"Src/HAL/LoginSystem/LoginSystem_prog.d" -MT"Src/HAL/LoginSystem/LoginSystem_prog.o" --specs=nano.specs -mfpu=fpv4-sp-d16 -mfloat-abi=hard -mthumb -o "Src/HAL/LoginSystem/LoginSystem_prog.o"
arm-none-eabi-gcc "../Src/HAL/LightSensor/LightSensor_prog.c" -mcpu=cortex-m4 -std=gnu11 -g3 -DDEBUG -DSTM32 -DSTM32F4 -DSTM32F401VETx -c -I../Inc -O0 -ffunction-sections -fdata-sections -Wall -fstack-usage -MMD -MP -MF"Src/HAL/LightSensor/LightSensor_prog.d" -MT"Src/HAL/LightSensor/LightSensor_prog.o" --specs=nano.specs -mfpu=fpv4-sp-d16 -mfloat-abi=hard -mthumb -o "Src/HAL/LightSensor/LightSensor_prog.o"
arm-none-eabi-gcc "../Src/HAL/LED/LED.prog.c" -mcpu=cortex-m4 -std=gnu11 -g3 -DDEBUG -DSTM32 -DSTM32F4 -DSTM32F401VETx -c -I../Inc -O0 -ffunction-sections -fdata-sections -Wall -fstack-usage -MMD -MP -MF"Src/HAL/LED/LED.prog.d" -MT"Src/HAL/LED/LED.prog.o" --specs=nano.specs -mfpu=fpv4-sp-d16 -mfloat-abi=hard -mthumb -o "Src/HAL/LED/LED.prog.o"
arm-none-eabi-gcc "../Src/HAL/LCD/LCD_prog.c" -mcpu=cortex-m4 -std=gnu11 -g3 -DDEBUG -DSTM32 -DSTM32F4 -DSTM32F401VETx -c -I../Inc -O0 -ffunction-sections -fdata-sections -Wall -fstack-usage -MMD -MP -MF"Src/HAL/LCD/LCD_prog.d" -MT"Src/HAL/LCD/LCD_prog.o" --specs=nano.specs -mfpu=fpv4-sp-d16 -mfloat-abi=hard -mthumb -o "Src/HAL/LCD/LCD_prog.o"
arm-none-eabi-gcc "../Src/HAL/Keypad/Keypad_prog.c" -mcpu=cortex-m4 -std=gnu11 -g3 -DDEBUG -DSTM32 -DSTM32F4 -DSTM32F401VETx -c -I../Inc -O0 -ffunction-sections -fdata-sections -Wall -fstack-usage -MMD -MP -MF"Src/HAL/Keypad/Keypad_prog.d" -MT"Src/HAL/Keypad/Keypad_prog.o" --specs=nano.specs -mfpu=fpv4-sp-d16 -mfloat-abi=hard -mthumb -o "Src/HAL/Keypad/Keypad_prog.o"
arm-none-eabi-gcc "../Src/HAL/GAS/GAS_prog.c" -mcpu=cortex-m4 -std=gnu11 -g3 -DDEBUG -DSTM32 -DSTM32F4 -DSTM32F401VETx -c -I../Inc -O0 -ffunction-sections -fdata-sections -Wall -fstack-usage -MMD -MP -MF"Src/HAL/GAS/GAS_prog.d" -MT"Src/HAL/GAS/GAS_prog.o" --specs=nano.specs -mfpu=fpv4-sp-d16 -mfloat-abi=hard -mthumb -o "Src/HAL/GAS/GAS_prog.o"
arm-none-eabi-gcc "../Src/APP/System_Features.c" -mcpu=cortex-m4 -std=gnu11 -g3 -DDEBUG -DSTM32 -DSTM32F4 -DSTM32F401VETx -c -I../Inc -O0 -ffunction-sections -fdata-sections -Wall -fstack-usage -MMD -MP -MF"Src/APP/System_Features.d" -MT"Src/APP/System_Features.o" --specs=nano.specs -mfpu=fpv4-sp-d16 -mfloat-abi=hard -mthumb -o "Src/APP/System_Features.o"
arm-none-eabi-gcc "../Src/APP/main.c" -mcpu=cortex-m4 -std=gnu11 -g3 -DDEBUG -DSTM32 -DSTM32F4 -DSTM32F401VETx -c -I../Inc -O0 -ffunction-sections -fdata-sections -Wall -fstack-usage -MMD -MP -MF"Src/APP/main.d" -MT"Src/APP/main.o" --specs=nano.specs -mfpu=fpv4-sp-d16 -mfloat-abi=hard -mthumb -o "Src/APP/main.o"
arm-none-eabi-gcc "../Src/Delay_Program.c" -mcpu=cortex-m4 -std=gnu11 -g3 -DDEBUG -DSTM32 -DSTM32F4 -DSTM32F401VETx -c -I../Inc -O0 -ffunction-sections -fdata-sections -Wall -fstack-usage -MMD -MP -MF"Src/Delay_Program.d" -MT"Src/Delay_Program.o" --specs=nano.specs -mfpu=fpv4-sp-d16 -mfloat-abi=hard -mthumb -o "Src/Delay_Program.o"
arm-none-eabi-gcc "../Src/Home.c" -mcpu=cortex-m4 -std=gnu11 -g3 -DDEBUG -DSTM32 -DSTM32F4 -DSTM32F401VETx -c -I../Inc -O0 -ffunction-sections -fdata-sections -Wall -fstack-usage -MMD -MP -MF"Src/Home.d" -MT"Src/Home.o" --specs=nano.specs -mfpu=fpv4-sp-d16 -mfloat-abi=hard -mthumb -o "Src/Home.o"
arm-none-eabi-gcc "../Src/syscalls.c" -mcpu=cortex-m4 -std=gnu11 -g3 -DDEBUG -DSTM32 -DSTM32F4 -DSTM32F401VETx -c -I../Inc -O0 -ffunction-sections -fdata-sections -Wall -fstack-usage -MMD -MP -MF"Src/syscalls.d" -MT"Src/syscalls.o" --specs=nano.specs -mfpu=fpv4-sp-d16 -mfloat-abi=hard -mthumb -o "Src/syscalls.o"
arm-none-eabi-gcc "../Src/sysmem.c" -mcpu=cortex-m4 -std=gnu11 -g3 -DDEBUG -DSTM32 -DSTM32F4 -DSTM32F401VETx -c -I../Inc -O0 -ffunction-sections -fdata-sections -Wall -fstack-usage -MMD -MP -MF"Src/sysmem.d" -MT"Src/sysmem.o" --specs=nano.specs -mfpu=fpv4-sp-d16 -mfloat-abi=hard -mthumb -o "Src/sysmem.o"
arm-none-eabi-gcc -o "_Smart_home.elf" @"objects.list"   -mcpu=cortex-m4 -T"D:\01_Ahmed_Khaled\02_ARM\Smart_home\_Smart_home\STM32F401VETX_FLASH.ld" --specs=nosys.specs -Wl,-Map="_Smart_home.map" -Wl,--gc-sections -static --specs=nano.specs -mfpu=fpv4-sp-d16 -mfloat-abi=hard -mthumb -Wl,--start-group -lc -lm -Wl,--end-group
Finished building target: _Smart_home.elf
 
arm-none-eabi-size   _Smart_home.elf 
arm-none-eabi-objdump -h -S  _Smart_home.elf  > "_Smart_home.list"
   text	   data	    bss	    dec	    hex	filename
  13796	     60	   1940	  15796	   3db4	_Smart_home.elf
arm-none-eabi-objcopy  -O binary  _Smart_home.elf  "_Smart_home.bin"
Finished building: default.size.stdout
 
Finished building: _Smart_home.list
Finished building: _Smart_home.bin
 
 

08:13:03 Build Finished. 0 errors, 17 warnings. (took 5s.78ms)

