20:20:42 **** Incremental Build of configuration Debug for project 13_STP_ShiftRegister ****
make all 
Building file: ../src/MSYSTICK_Program.c
Invoking: Cross ARM GNU C Compiler
arm-none-eabi-gcc -mcpu=cortex-m4 -mthumb -Og -fmessage-length=0 -fsigned-char -ffunction-sections -fdata-sections -ffreestanding -fno-move-loop-invariants -Wall -Wextra  -g3 -DDEBUG -DUSE_FULL_ASSERT -DTRACE -DOS_USE_TRACE_SEMIHOSTING_DEBUG -DSTM32F401xC -DUSE_HAL_DRIVER -DHSE_VALUE=25000000 -I"../include" -I"../system/include" -I"../system/include/cmsis" -I"../system/include/stm32f4-hal" -std=gnu11 -MMD -MP -MF"src/MSYSTICK_Program.d" -MT"src/MSYSTICK_Program.o" -c -o "src/MSYSTICK_Program.o" "../src/MSYSTICK_Program.c"
../src/MSYSTICK_Program.c: In function 'SysTick_Handler':
../src/MSYSTICK_Program.c:70:5: warning: variable 'Local_u8Temporary' set but not used [-Wunused-but-set-variable]
  u8 Local_u8Temporary;
     ^~~~~~~~~~~~~~~~~
Finished building: ../src/MSYSTICK_Program.c
 
Building target: 13_STP_ShiftRegister.elf
Invoking: Cross ARM GNU C++ Linker
arm-none-eabi-g++ -mcpu=cortex-m4 -mthumb -Og -fmessage-length=0 -fsigned-char -ffunction-sections -fdata-sections -ffreestanding -fno-move-loop-invariants -Wall -Wextra  -g3 -T mem.ld -T libs.ld -T sections.ld -nostartfiles -Xlinker --gc-sections -L"../ldscripts" -Wl,-Map,"13_STP_ShiftRegister.map" --specs=nano.specs -o "13_STP_ShiftRegister.elf"  ./system/src/stm32f4-hal/stm32f4xx_hal.o ./system/src/stm32f4-hal/stm32f4xx_hal_cortex.o ./system/src/stm32f4-hal/stm32f4xx_hal_dfsdm.o ./system/src/stm32f4-hal/stm32f4xx_hal_flash.o ./system/src/stm32f4-hal/stm32f4xx_hal_gpio.o ./system/src/stm32f4-hal/stm32f4xx_hal_iwdg.o ./system/src/stm32f4-hal/stm32f4xx_hal_pwr.o ./system/src/stm32f4-hal/stm32f4xx_hal_rcc.o  ./system/src/newlib/_cxx.o ./system/src/newlib/_exit.o ./system/src/newlib/_sbrk.o ./system/src/newlib/_startup.o ./system/src/newlib/_syscalls.o ./system/src/newlib/assert.o  ./system/src/diag/Trace.o ./system/src/diag/trace_impl.o  ./system/src/cortexm/_initialize_hardware.o ./system/src/cortexm/_reset_hardware.o ./system/src/cortexm/exception_handlers.o  ./system/src/cmsis/system_stm32f4xx.o ./system/src/cmsis/vectors_stm32f401xc.o  ./src/HSTP_Program.o ./src/MEXTI_prog.o ./src/MGPIO_program.o ./src/MNVIC_Program.o ./src/MRCC_prog.o ./src/MSYSTICK_Program.o ./src/main.o   
Finished building target: 13_STP_ShiftRegister.elf
 
Invoking: Cross ARM GNU Create Flash Image
arm-none-eabi-objcopy -O ihex "13_STP_ShiftRegister.elf"  "13_STP_ShiftRegister.hex"
Finished building: 13_STP_ShiftRegister.hex
 
Invoking: Cross ARM GNU Print Size
arm-none-eabi-size --format=berkeley "13_STP_ShiftRegister.elf"
   text	   data	    bss	    dec	    hex	filename
   5671	    160	    428	   6259	   1873	13_STP_ShiftRegister.elf
Finished building: 13_STP_ShiftRegister.siz
 

20:20:45 Build Finished (took 2s.422ms)

