Archive member included to satisfy reference by file (symbol)

c:/st/stm32cubeide_1.8.0/stm32cubeide/plugins/com.st.stm32cube.ide.mcu.externaltools.gnu-tools-for-stm32.9-2020-q2-update.win32_2.0.0.202105311346/tools/bin/../lib/gcc/arm-none-eabi/9.3.1/../../../../arm-none-eabi/lib/thumb/v7e-m+fp/hard\libc_nano.a(lib_a-errno.o)
                              ./Src/syscalls.o (__errno)
c:/st/stm32cubeide_1.8.0/stm32cubeide/plugins/com.st.stm32cube.ide.mcu.externaltools.gnu-tools-for-stm32.9-2020-q2-update.win32_2.0.0.202105311346/tools/bin/../lib/gcc/arm-none-eabi/9.3.1/../../../../arm-none-eabi/lib/thumb/v7e-m+fp/hard\libc_nano.a(lib_a-exit.o)
                              c:/st/stm32cubeide_1.8.0/stm32cubeide/plugins/com.st.stm32cube.ide.mcu.externaltools.gnu-tools-for-stm32.9-2020-q2-update.win32_2.0.0.202105311346/tools/bin/../lib/gcc/arm-none-eabi/9.3.1/../../../../arm-none-eabi/lib/thumb/v7e-m+fp/hard/crt0.o (exit)
c:/st/stm32cubeide_1.8.0/stm32cubeide/plugins/com.st.stm32cube.ide.mcu.externaltools.gnu-tools-for-stm32.9-2020-q2-update.win32_2.0.0.202105311346/tools/bin/../lib/gcc/arm-none-eabi/9.3.1/../../../../arm-none-eabi/lib/thumb/v7e-m+fp/hard\libc_nano.a(lib_a-impure.o)
                              c:/st/stm32cubeide_1.8.0/stm32cubeide/plugins/com.st.stm32cube.ide.mcu.externaltools.gnu-tools-for-stm32.9-2020-q2-update.win32_2.0.0.202105311346/tools/bin/../lib/gcc/arm-none-eabi/9.3.1/../../../../arm-none-eabi/lib/thumb/v7e-m+fp/hard\libc_nano.a(lib_a-exit.o) (_global_impure_ptr)
c:/st/stm32cubeide_1.8.0/stm32cubeide/plugins/com.st.stm32cube.ide.mcu.externaltools.gnu-tools-for-stm32.9-2020-q2-update.win32_2.0.0.202105311346/tools/bin/../lib/gcc/arm-none-eabi/9.3.1/../../../../arm-none-eabi/lib/thumb/v7e-m+fp/hard\libc_nano.a(lib_a-init.o)
                              c:/st/stm32cubeide_1.8.0/stm32cubeide/plugins/com.st.stm32cube.ide.mcu.externaltools.gnu-tools-for-stm32.9-2020-q2-update.win32_2.0.0.202105311346/tools/bin/../lib/gcc/arm-none-eabi/9.3.1/../../../../arm-none-eabi/lib/thumb/v7e-m+fp/hard/crt0.o (__libc_init_array)
c:/st/stm32cubeide_1.8.0/stm32cubeide/plugins/com.st.stm32cube.ide.mcu.externaltools.gnu-tools-for-stm32.9-2020-q2-update.win32_2.0.0.202105311346/tools/bin/../lib/gcc/arm-none-eabi/9.3.1/../../../../arm-none-eabi/lib/thumb/v7e-m+fp/hard\libc_nano.a(lib_a-memset.o)
                              c:/st/stm32cubeide_1.8.0/stm32cubeide/plugins/com.st.stm32cube.ide.mcu.externaltools.gnu-tools-for-stm32.9-2020-q2-update.win32_2.0.0.202105311346/tools/bin/../lib/gcc/arm-none-eabi/9.3.1/../../../../arm-none-eabi/lib/thumb/v7e-m+fp/hard/crt0.o (memset)

Allocating common symbols
Common symbol       size              file

MSTK_CallBack       0x4               ./MCAL/Src/MSYSTICK_Program.o

Discarded input sections

 .text          0x0000000000000000        0x0 c:/st/stm32cubeide_1.8.0/stm32cubeide/plugins/com.st.stm32cube.ide.mcu.externaltools.gnu-tools-for-stm32.9-2020-q2-update.win32_2.0.0.202105311346/tools/bin/../lib/gcc/arm-none-eabi/9.3.1/thumb/v7e-m+fp/hard/crti.o
 .data          0x0000000000000000        0x0 c:/st/stm32cubeide_1.8.0/stm32cubeide/plugins/com.st.stm32cube.ide.mcu.externaltools.gnu-tools-for-stm32.9-2020-q2-update.win32_2.0.0.202105311346/tools/bin/../lib/gcc/arm-none-eabi/9.3.1/thumb/v7e-m+fp/hard/crti.o
 .bss           0x0000000000000000        0x0 c:/st/stm32cubeide_1.8.0/stm32cubeide/plugins/com.st.stm32cube.ide.mcu.externaltools.gnu-tools-for-stm32.9-2020-q2-update.win32_2.0.0.202105311346/tools/bin/../lib/gcc/arm-none-eabi/9.3.1/thumb/v7e-m+fp/hard/crti.o
 .data          0x0000000000000000        0x4 c:/st/stm32cubeide_1.8.0/stm32cubeide/plugins/com.st.stm32cube.ide.mcu.externaltools.gnu-tools-for-stm32.9-2020-q2-update.win32_2.0.0.202105311346/tools/bin/../lib/gcc/arm-none-eabi/9.3.1/thumb/v7e-m+fp/hard/crtbegin.o
 .text          0x0000000000000000       0x7c c:/st/stm32cubeide_1.8.0/stm32cubeide/plugins/com.st.stm32cube.ide.mcu.externaltools.gnu-tools-for-stm32.9-2020-q2-update.win32_2.0.0.202105311346/tools/bin/../lib/gcc/arm-none-eabi/9.3.1/../../../../arm-none-eabi/lib/thumb/v7e-m+fp/hard/crt0.o
 .data          0x0000000000000000        0x0 c:/st/stm32cubeide_1.8.0/stm32cubeide/plugins/com.st.stm32cube.ide.mcu.externaltools.gnu-tools-for-stm32.9-2020-q2-update.win32_2.0.0.202105311346/tools/bin/../lib/gcc/arm-none-eabi/9.3.1/../../../../arm-none-eabi/lib/thumb/v7e-m+fp/hard/crt0.o
 .bss           0x0000000000000000        0x0 c:/st/stm32cubeide_1.8.0/stm32cubeide/plugins/com.st.stm32cube.ide.mcu.externaltools.gnu-tools-for-stm32.9-2020-q2-update.win32_2.0.0.202105311346/tools/bin/../lib/gcc/arm-none-eabi/9.3.1/../../../../arm-none-eabi/lib/thumb/v7e-m+fp/hard/crt0.o
 .ARM.extab     0x0000000000000000        0x0 c:/st/stm32cubeide_1.8.0/stm32cubeide/plugins/com.st.stm32cube.ide.mcu.externaltools.gnu-tools-for-stm32.9-2020-q2-update.win32_2.0.0.202105311346/tools/bin/../lib/gcc/arm-none-eabi/9.3.1/../../../../arm-none-eabi/lib/thumb/v7e-m+fp/hard/crt0.o
 .ARM.exidx     0x0000000000000000       0x10 c:/st/stm32cubeide_1.8.0/stm32cubeide/plugins/com.st.stm32cube.ide.mcu.externaltools.gnu-tools-for-stm32.9-2020-q2-update.win32_2.0.0.202105311346/tools/bin/../lib/gcc/arm-none-eabi/9.3.1/../../../../arm-none-eabi/lib/thumb/v7e-m+fp/hard/crt0.o
 .ARM.attributes
                0x0000000000000000       0x1c c:/st/stm32cubeide_1.8.0/stm32cubeide/plugins/com.st.stm32cube.ide.mcu.externaltools.gnu-tools-for-stm32.9-2020-q2-update.win32_2.0.0.202105311346/tools/bin/../lib/gcc/arm-none-eabi/9.3.1/../../../../arm-none-eabi/lib/thumb/v7e-m+fp/hard/crt0.o
 .group         0x0000000000000000        0xc ./MCAL/Src/MEXTI_prog.o
 .group         0x0000000000000000        0xc ./MCAL/Src/MEXTI_prog.o
 .group         0x0000000000000000        0xc ./MCAL/Src/MEXTI_prog.o
 .group         0x0000000000000000        0xc ./MCAL/Src/MEXTI_prog.o
 .group         0x0000000000000000        0xc ./MCAL/Src/MEXTI_prog.o
 .text          0x0000000000000000        0x0 ./MCAL/Src/MEXTI_prog.o
 .data          0x0000000000000000        0x0 ./MCAL/Src/MEXTI_prog.o
 .bss           0x0000000000000000        0x0 ./MCAL/Src/MEXTI_prog.o
 .bss.EXTI0_CallBack
                0x0000000000000000        0x4 ./MCAL/Src/MEXTI_prog.o
 .text.MEXTI_voidInit
                0x0000000000000000       0x2c ./MCAL/Src/MEXTI_prog.o
 .text.MEXIT_voidEnableEXIT
                0x0000000000000000       0x28 ./MCAL/Src/MEXTI_prog.o
 .text.MEXIT_voidDisableEXIT
                0x0000000000000000       0x28 ./MCAL/Src/MEXTI_prog.o
 .text.MEXIT_voidSoftwareInterrput
                0x0000000000000000       0x2c ./MCAL/Src/MEXTI_prog.o
 .text.MEXIT_voidSetSignalLatch
                0x0000000000000000       0x7c ./MCAL/Src/MEXTI_prog.o
 .text.EXTI_voidSetCallBack
                0x0000000000000000       0x24 ./MCAL/Src/MEXTI_prog.o
 .debug_info    0x0000000000000000      0x1f9 ./MCAL/Src/MEXTI_prog.o
 .debug_abbrev  0x0000000000000000      0x11e ./MCAL/Src/MEXTI_prog.o
 .debug_aranges
                0x0000000000000000       0x48 ./MCAL/Src/MEXTI_prog.o
 .debug_ranges  0x0000000000000000       0x38 ./MCAL/Src/MEXTI_prog.o
 .debug_macro   0x0000000000000000       0x49 ./MCAL/Src/MEXTI_prog.o
 .debug_macro   0x0000000000000000      0xaae ./MCAL/Src/MEXTI_prog.o
 .debug_macro   0x0000000000000000       0x1c ./MCAL/Src/MEXTI_prog.o
 .debug_macro   0x0000000000000000       0x46 ./MCAL/Src/MEXTI_prog.o
 .debug_macro   0x0000000000000000       0x88 ./MCAL/Src/MEXTI_prog.o
 .debug_macro   0x0000000000000000       0x16 ./MCAL/Src/MEXTI_prog.o
 .debug_line    0x0000000000000000      0x21e ./MCAL/Src/MEXTI_prog.o
 .debug_str     0x0000000000000000     0x3283 ./MCAL/Src/MEXTI_prog.o
 .comment       0x0000000000000000       0x54 ./MCAL/Src/MEXTI_prog.o
 .debug_frame   0x0000000000000000       0xf8 ./MCAL/Src/MEXTI_prog.o
 .ARM.attributes
                0x0000000000000000       0x34 ./MCAL/Src/MEXTI_prog.o
 .group         0x0000000000000000        0xc ./MCAL/Src/MGPIO_program.o
 .group         0x0000000000000000        0xc ./MCAL/Src/MGPIO_program.o
 .group         0x0000000000000000        0xc ./MCAL/Src/MGPIO_program.o
 .group         0x0000000000000000        0xc ./MCAL/Src/MGPIO_program.o
 .group         0x0000000000000000        0xc ./MCAL/Src/MGPIO_program.o
 .text          0x0000000000000000        0x0 ./MCAL/Src/MGPIO_program.o
 .data          0x0000000000000000        0x0 ./MCAL/Src/MGPIO_program.o
 .bss           0x0000000000000000        0x0 ./MCAL/Src/MGPIO_program.o
 .text.MGPIO_voidSetPullType
                0x0000000000000000       0xe0 ./MCAL/Src/MGPIO_program.o
 .text.MGPIO_u8ReadData
                0x0000000000000000       0xd8 ./MCAL/Src/MGPIO_program.o
 .text.MGPIO_voidPinLock
                0x0000000000000000      0x17c ./MCAL/Src/MGPIO_program.o
 .text.MGPIO_vDirectSetReset
                0x0000000000000000      0x134 ./MCAL/Src/MGPIO_program.o
 .text.MGPIO_voidSetPinAltFn
                0x0000000000000000      0x1c8 ./MCAL/Src/MGPIO_program.o
 .debug_macro   0x0000000000000000      0xaae ./MCAL/Src/MGPIO_program.o
 .debug_macro   0x0000000000000000       0x1c ./MCAL/Src/MGPIO_program.o
 .debug_macro   0x0000000000000000       0x46 ./MCAL/Src/MGPIO_program.o
 .group         0x0000000000000000        0xc ./MCAL/Src/MNVIC_program.o
 .group         0x0000000000000000        0xc ./MCAL/Src/MNVIC_program.o
 .group         0x0000000000000000        0xc ./MCAL/Src/MNVIC_program.o
 .group         0x0000000000000000        0xc ./MCAL/Src/MNVIC_program.o
 .group         0x0000000000000000        0xc ./MCAL/Src/MNVIC_program.o
 .text          0x0000000000000000        0x0 ./MCAL/Src/MNVIC_program.o
 .data          0x0000000000000000        0x0 ./MCAL/Src/MNVIC_program.o
 .bss           0x0000000000000000        0x0 ./MCAL/Src/MNVIC_program.o
 .text.MNVIC_VidDisablePeripheral
                0x0000000000000000       0x34 ./MCAL/Src/MNVIC_program.o
 .text.MNVIC_VidClearPending
                0x0000000000000000       0x34 ./MCAL/Src/MNVIC_program.o
 .text.MNVIC_u8GetActive
                0x0000000000000000       0x3c ./MCAL/Src/MNVIC_program.o
 .debug_macro   0x0000000000000000      0xaae ./MCAL/Src/MNVIC_program.o
 .debug_macro   0x0000000000000000       0x1c ./MCAL/Src/MNVIC_program.o
 .debug_macro   0x0000000000000000       0x46 ./MCAL/Src/MNVIC_program.o
 .group         0x0000000000000000        0xc ./MCAL/Src/MRCC_prog.o
 .group         0x0000000000000000        0xc ./MCAL/Src/MRCC_prog.o
 .group         0x0000000000000000        0xc ./MCAL/Src/MRCC_prog.o
 .group         0x0000000000000000        0xc ./MCAL/Src/MRCC_prog.o
 .group         0x0000000000000000        0xc ./MCAL/Src/MRCC_prog.o
 .group         0x0000000000000000        0xc ./MCAL/Src/MRCC_prog.o
 .text          0x0000000000000000        0x0 ./MCAL/Src/MRCC_prog.o
 .data          0x0000000000000000        0x0 ./MCAL/Src/MRCC_prog.o
 .bss           0x0000000000000000        0x0 ./MCAL/Src/MRCC_prog.o
 .text.MRCC_voidDisablePeripheralClock
                0x0000000000000000       0xa4 ./MCAL/Src/MRCC_prog.o
 .text.MRCC_voidEnableSecuritySystem
                0x0000000000000000       0x20 ./MCAL/Src/MRCC_prog.o
 .text.MRCC_voidDisableSecuritySystem
                0x0000000000000000       0x20 ./MCAL/Src/MRCC_prog.o
 .text.MRCC_voidInitClock
                0x0000000000000000      0x164 ./MCAL/Src/MRCC_prog.o
 .debug_macro   0x0000000000000000      0xaae ./MCAL/Src/MRCC_prog.o
 .debug_macro   0x0000000000000000       0x1c ./MCAL/Src/MRCC_prog.o
 .debug_macro   0x0000000000000000       0x46 ./MCAL/Src/MRCC_prog.o
 .group         0x0000000000000000        0xc ./MCAL/Src/MSYSTICK_Program.o
 .group         0x0000000000000000        0xc ./MCAL/Src/MSYSTICK_Program.o
 .group         0x0000000000000000        0xc ./MCAL/Src/MSYSTICK_Program.o
 .group         0x0000000000000000        0xc ./MCAL/Src/MSYSTICK_Program.o
 .group         0x0000000000000000        0xc ./MCAL/Src/MSYSTICK_Program.o
 .text          0x0000000000000000        0x0 ./MCAL/Src/MSYSTICK_Program.o
 .data          0x0000000000000000        0x0 ./MCAL/Src/MSYSTICK_Program.o
 .bss           0x0000000000000000        0x0 ./MCAL/Src/MSYSTICK_Program.o
 .text.MSTK_voidSetCallBack
                0x0000000000000000       0x20 ./MCAL/Src/MSYSTICK_Program.o
 .debug_macro   0x0000000000000000      0xaae ./MCAL/Src/MSYSTICK_Program.o
 .debug_macro   0x0000000000000000       0x1c ./MCAL/Src/MSYSTICK_Program.o
 .debug_macro   0x0000000000000000       0x46 ./MCAL/Src/MSYSTICK_Program.o
 .group         0x0000000000000000        0xc ./Src/main.o
 .group         0x0000000000000000        0xc ./Src/main.o
 .group         0x0000000000000000        0xc ./Src/main.o
 .group         0x0000000000000000        0xc ./Src/main.o
 .group         0x0000000000000000        0xc ./Src/main.o
 .group         0x0000000000000000        0xc ./Src/main.o
 .group         0x0000000000000000        0xc ./Src/main.o
 .group         0x0000000000000000        0xc ./Src/main.o
 .group         0x0000000000000000        0xc ./Src/main.o
 .group         0x0000000000000000        0xc ./Src/main.o
 .text          0x0000000000000000        0x0 ./Src/main.o
 .data          0x0000000000000000        0x0 ./Src/main.o
 .bss           0x0000000000000000        0x0 ./Src/main.o
 .text._delay_us
                0x0000000000000000       0x2e ./Src/main.o
 .debug_macro   0x0000000000000000      0xaae ./Src/main.o
 .debug_macro   0x0000000000000000       0x1c ./Src/main.o
 .debug_macro   0x0000000000000000       0x46 ./Src/main.o
 .debug_macro   0x0000000000000000       0x9a ./Src/main.o
 .debug_macro   0x0000000000000000       0x1c ./Src/main.o
 .debug_macro   0x0000000000000000      0x189 ./Src/main.o
 .debug_macro   0x0000000000000000      0x1cc ./Src/main.o
 .debug_macro   0x0000000000000000      0x160 ./Src/main.o
 .debug_macro   0x0000000000000000       0x6a ./Src/main.o
 .group         0x0000000000000000        0xc ./Src/syscalls.o
 .group         0x0000000000000000        0xc ./Src/syscalls.o
 .group         0x0000000000000000        0xc ./Src/syscalls.o
 .group         0x0000000000000000        0xc ./Src/syscalls.o
 .group         0x0000000000000000        0xc ./Src/syscalls.o
 .group         0x0000000000000000        0xc ./Src/syscalls.o
 .group         0x0000000000000000        0xc ./Src/syscalls.o
 .group         0x0000000000000000        0xc ./Src/syscalls.o
 .group         0x0000000000000000        0xc ./Src/syscalls.o
 .group         0x0000000000000000        0xc ./Src/syscalls.o
 .group         0x0000000000000000        0xc ./Src/syscalls.o
 .group         0x0000000000000000        0xc ./Src/syscalls.o
 .group         0x0000000000000000        0xc ./Src/syscalls.o
 .group         0x0000000000000000        0xc ./Src/syscalls.o
 .group         0x0000000000000000        0xc ./Src/syscalls.o
 .group         0x0000000000000000        0xc ./Src/syscalls.o
 .group         0x0000000000000000        0xc ./Src/syscalls.o
 .group         0x0000000000000000        0xc ./Src/syscalls.o
 .group         0x0000000000000000        0xc ./Src/syscalls.o
 .group         0x0000000000000000        0xc ./Src/syscalls.o
 .group         0x0000000000000000        0xc ./Src/syscalls.o
 .group         0x0000000000000000        0xc ./Src/syscalls.o
 .group         0x0000000000000000        0xc ./Src/syscalls.o
 .group         0x0000000000000000        0xc ./Src/syscalls.o
 .group         0x0000000000000000        0xc ./Src/syscalls.o
 .group         0x0000000000000000        0xc ./Src/syscalls.o
 .group         0x0000000000000000        0xc ./Src/syscalls.o
 .group         0x0000000000000000        0xc ./Src/syscalls.o
 .group         0x0000000000000000        0xc ./Src/syscalls.o
 .group         0x0000000000000000        0xc ./Src/syscalls.o
 .group         0x0000000000000000        0xc ./Src/syscalls.o
 .group         0x0000000000000000        0xc ./Src/syscalls.o
 .group         0x0000000000000000        0xc ./Src/syscalls.o
 .group         0x0000000000000000        0xc ./Src/syscalls.o
 .group         0x0000000000000000        0xc ./Src/syscalls.o
 .group         0x0000000000000000        0xc ./Src/syscalls.o
 .group         0x0000000000000000        0xc ./Src/syscalls.o
 .group         0x0000000000000000        0xc ./Src/syscalls.o
 .group         0x0000000000000000        0xc ./Src/syscalls.o
 .group         0x0000000000000000        0xc ./Src/syscalls.o
 .group         0x0000000000000000        0xc ./Src/syscalls.o
 .group         0x0000000000000000        0xc ./Src/syscalls.o
 .group         0x0000000000000000        0xc ./Src/syscalls.o
 .group         0x0000000000000000        0xc ./Src/syscalls.o
 .group         0x0000000000000000        0xc ./Src/syscalls.o
 .group         0x0000000000000000        0xc ./Src/syscalls.o
 .group         0x0000000000000000        0xc ./Src/syscalls.o
 .text          0x0000000000000000        0x0 ./Src/syscalls.o
 .data          0x0000000000000000        0x0 ./Src/syscalls.o
 .bss           0x0000000000000000        0x0 ./Src/syscalls.o
 .bss.__env     0x0000000000000000        0x4 ./Src/syscalls.o
 .data.environ  0x0000000000000000        0x4 ./Src/syscalls.o
 .text.initialise_monitor_handles
                0x0000000000000000        0xe ./Src/syscalls.o
 .text._getpid  0x0000000000000000       0x10 ./Src/syscalls.o
 .text._kill    0x0000000000000000       0x20 ./Src/syscalls.o
 .text._exit    0x0000000000000000       0x14 ./Src/syscalls.o
 .text._read    0x0000000000000000       0x3a ./Src/syscalls.o
 .text._write   0x0000000000000000       0x38 ./Src/syscalls.o
 .text._close   0x0000000000000000       0x18 ./Src/syscalls.o
 .text._fstat   0x0000000000000000       0x20 ./Src/syscalls.o
 .text._isatty  0x0000000000000000       0x16 ./Src/syscalls.o
 .text._lseek   0x0000000000000000       0x1a ./Src/syscalls.o
 .text._open    0x0000000000000000       0x1c ./Src/syscalls.o
 .text._wait    0x0000000000000000       0x1e ./Src/syscalls.o
 .text._unlink  0x0000000000000000       0x1e ./Src/syscalls.o
 .text._times   0x0000000000000000       0x18 ./Src/syscalls.o
 .text._stat    0x0000000000000000       0x20 ./Src/syscalls.o
 .text._link    0x0000000000000000       0x20 ./Src/syscalls.o
 .text._fork    0x0000000000000000       0x16 ./Src/syscalls.o
 .text._execve  0x0000000000000000       0x22 ./Src/syscalls.o
 .debug_info    0x0000000000000000      0xfa8 ./Src/syscalls.o
 .debug_abbrev  0x0000000000000000      0x286 ./Src/syscalls.o
 .debug_aranges
                0x0000000000000000       0xa8 ./Src/syscalls.o
 .debug_ranges  0x0000000000000000       0x98 ./Src/syscalls.o
 .debug_macro   0x0000000000000000      0x24c ./Src/syscalls.o
 .debug_macro   0x0000000000000000      0xaae ./Src/syscalls.o
 .debug_macro   0x0000000000000000       0x22 ./Src/syscalls.o
 .debug_macro   0x0000000000000000       0x4c ./Src/syscalls.o
 .debug_macro   0x0000000000000000       0x18 ./Src/syscalls.o
 .debug_macro   0x0000000000000000       0x94 ./Src/syscalls.o
 .debug_macro   0x0000000000000000       0x3c ./Src/syscalls.o
 .debug_macro   0x0000000000000000       0x34 ./Src/syscalls.o
 .debug_macro   0x0000000000000000       0x57 ./Src/syscalls.o
 .debug_macro   0x0000000000000000      0x174 ./Src/syscalls.o
 .debug_macro   0x0000000000000000      0x339 ./Src/syscalls.o
 .debug_macro   0x0000000000000000       0x16 ./Src/syscalls.o
 .debug_macro   0x0000000000000000       0x43 ./Src/syscalls.o
 .debug_macro   0x0000000000000000       0x34 ./Src/syscalls.o
 .debug_macro   0x0000000000000000       0x10 ./Src/syscalls.o
 .debug_macro   0x0000000000000000       0x58 ./Src/syscalls.o
 .debug_macro   0x0000000000000000       0x71 ./Src/syscalls.o
 .debug_macro   0x0000000000000000       0x1c ./Src/syscalls.o
 .debug_macro   0x0000000000000000      0x12a ./Src/syscalls.o
 .debug_macro   0x0000000000000000       0x10 ./Src/syscalls.o
 .debug_macro   0x0000000000000000       0x35 ./Src/syscalls.o
 .debug_macro   0x0000000000000000       0x10 ./Src/syscalls.o
 .debug_macro   0x0000000000000000       0x10 ./Src/syscalls.o
 .debug_macro   0x0000000000000000       0x10 ./Src/syscalls.o
 .debug_macro   0x0000000000000000       0x6a ./Src/syscalls.o
 .debug_macro   0x0000000000000000       0x1c ./Src/syscalls.o
 .debug_macro   0x0000000000000000       0x52 ./Src/syscalls.o
 .debug_macro   0x0000000000000000       0x22 ./Src/syscalls.o
 .debug_macro   0x0000000000000000       0x10 ./Src/syscalls.o
 .debug_macro   0x0000000000000000       0x40 ./Src/syscalls.o
 .debug_macro   0x0000000000000000       0xd5 ./Src/syscalls.o
 .debug_macro   0x0000000000000000       0x1c ./Src/syscalls.o
 .debug_macro   0x0000000000000000       0x3d ./Src/syscalls.o
 .debug_macro   0x0000000000000000       0x35 ./Src/syscalls.o
 .debug_macro   0x0000000000000000      0x12c ./Src/syscalls.o
 .debug_macro   0x0000000000000000       0x16 ./Src/syscalls.o
 .debug_macro   0x0000000000000000       0x16 ./Src/syscalls.o
 .debug_macro   0x0000000000000000       0x29 ./Src/syscalls.o
 .debug_macro   0x0000000000000000       0x10 ./Src/syscalls.o
 .debug_macro   0x0000000000000000      0x241 ./Src/syscalls.o
 .debug_macro   0x0000000000000000       0x1c ./Src/syscalls.o
 .debug_macro   0x0000000000000000       0x10 ./Src/syscalls.o
 .debug_macro   0x0000000000000000       0x10 ./Src/syscalls.o
 .debug_macro   0x0000000000000000       0x16 ./Src/syscalls.o
 .debug_macro   0x0000000000000000      0x145 ./Src/syscalls.o
 .debug_macro   0x0000000000000000      0x189 ./Src/syscalls.o
 .debug_macro   0x0000000000000000       0x16 ./Src/syscalls.o
 .debug_macro   0x0000000000000000       0xce ./Src/syscalls.o
 .debug_line    0x0000000000000000      0x7fd ./Src/syscalls.o
 .debug_str     0x0000000000000000     0x8ef5 ./Src/syscalls.o
 .comment       0x0000000000000000       0x54 ./Src/syscalls.o
 .debug_frame   0x0000000000000000      0x2ac ./Src/syscalls.o
 .ARM.attributes
                0x0000000000000000       0x34 ./Src/syscalls.o
 .group         0x0000000000000000        0xc ./Src/sysmem.o
 .group         0x0000000000000000        0xc ./Src/sysmem.o
 .group         0x0000000000000000        0xc ./Src/sysmem.o
 .group         0x0000000000000000        0xc ./Src/sysmem.o
 .group         0x0000000000000000        0xc ./Src/sysmem.o
 .group         0x0000000000000000        0xc ./Src/sysmem.o
 .group         0x0000000000000000        0xc ./Src/sysmem.o
 .group         0x0000000000000000        0xc ./Src/sysmem.o
 .group         0x0000000000000000        0xc ./Src/sysmem.o
 .group         0x0000000000000000        0xc ./Src/sysmem.o
 .group         0x0000000000000000        0xc ./Src/sysmem.o
 .group         0x0000000000000000        0xc ./Src/sysmem.o
 .group         0x0000000000000000        0xc ./Src/sysmem.o
 .group         0x0000000000000000        0xc ./Src/sysmem.o
 .group         0x0000000000000000        0xc ./Src/sysmem.o
 .group         0x0000000000000000        0xc ./Src/sysmem.o
 .group         0x0000000000000000        0xc ./Src/sysmem.o
 .group         0x0000000000000000        0xc ./Src/sysmem.o
 .group         0x0000000000000000        0xc ./Src/sysmem.o
 .group         0x0000000000000000        0xc ./Src/sysmem.o
 .group         0x0000000000000000        0xc ./Src/sysmem.o
 .group         0x0000000000000000        0xc ./Src/sysmem.o
 .text          0x0000000000000000        0x0 ./Src/sysmem.o
 .data          0x0000000000000000        0x0 ./Src/sysmem.o
 .bss           0x0000000000000000        0x0 ./Src/sysmem.o
 .bss.__sbrk_heap_end
                0x0000000000000000        0x4 ./Src/sysmem.o
 .text._sbrk    0x0000000000000000       0x6c ./Src/sysmem.o
 .debug_info    0x0000000000000000      0xa25 ./Src/sysmem.o
 .debug_abbrev  0x0000000000000000      0x1bf ./Src/sysmem.o
 .debug_aranges
                0x0000000000000000       0x20 ./Src/sysmem.o
 .debug_ranges  0x0000000000000000       0x10 ./Src/sysmem.o
 .debug_macro   0x0000000000000000       0xff ./Src/sysmem.o
 .debug_macro   0x0000000000000000      0xaae ./Src/sysmem.o
 .debug_macro   0x0000000000000000       0x10 ./Src/sysmem.o
 .debug_macro   0x0000000000000000       0x22 ./Src/sysmem.o
 .debug_macro   0x0000000000000000       0x4c ./Src/sysmem.o
 .debug_macro   0x0000000000000000       0x18 ./Src/sysmem.o
 .debug_macro   0x0000000000000000       0x94 ./Src/sysmem.o
 .debug_macro   0x0000000000000000       0x3c ./Src/sysmem.o
 .debug_macro   0x0000000000000000       0x34 ./Src/sysmem.o
 .debug_macro   0x0000000000000000      0x174 ./Src/sysmem.o
 .debug_macro   0x0000000000000000       0x16 ./Src/sysmem.o
 .debug_macro   0x0000000000000000       0x43 ./Src/sysmem.o
 .debug_macro   0x0000000000000000       0x57 ./Src/sysmem.o
 .debug_macro   0x0000000000000000       0x34 ./Src/sysmem.o
 .debug_macro   0x0000000000000000       0x10 ./Src/sysmem.o
 .debug_macro   0x0000000000000000       0x58 ./Src/sysmem.o
 .debug_macro   0x0000000000000000       0x71 ./Src/sysmem.o
 .debug_macro   0x0000000000000000       0x1c ./Src/sysmem.o
 .debug_macro   0x0000000000000000      0x12a ./Src/sysmem.o
 .debug_macro   0x0000000000000000      0x23b ./Src/sysmem.o
 .debug_macro   0x0000000000000000      0x103 ./Src/sysmem.o
 .debug_macro   0x0000000000000000       0x6a ./Src/sysmem.o
 .debug_macro   0x0000000000000000      0x1df ./Src/sysmem.o
 .debug_line    0x0000000000000000      0x4f3 ./Src/sysmem.o
 .debug_str     0x0000000000000000     0x62c8 ./Src/sysmem.o
 .comment       0x0000000000000000       0x54 ./Src/sysmem.o
 .debug_frame   0x0000000000000000       0x34 ./Src/sysmem.o
 .ARM.attributes
                0x0000000000000000       0x34 ./Src/sysmem.o
 .text          0x0000000000000000       0x14 ./Startup/startup_stm32f401ccux.o
 .data          0x0000000000000000        0x0 ./Startup/startup_stm32f401ccux.o
 .bss           0x0000000000000000        0x0 ./Startup/startup_stm32f401ccux.o
 .text          0x0000000000000000        0x0 c:/st/stm32cubeide_1.8.0/stm32cubeide/plugins/com.st.stm32cube.ide.mcu.externaltools.gnu-tools-for-stm32.9-2020-q2-update.win32_2.0.0.202105311346/tools/bin/../lib/gcc/arm-none-eabi/9.3.1/../../../../arm-none-eabi/lib/thumb/v7e-m+fp/hard\libc_nano.a(lib_a-errno.o)
 .data          0x0000000000000000        0x0 c:/st/stm32cubeide_1.8.0/stm32cubeide/plugins/com.st.stm32cube.ide.mcu.externaltools.gnu-tools-for-stm32.9-2020-q2-update.win32_2.0.0.202105311346/tools/bin/../lib/gcc/arm-none-eabi/9.3.1/../../../../arm-none-eabi/lib/thumb/v7e-m+fp/hard\libc_nano.a(lib_a-errno.o)
 .bss           0x0000000000000000        0x0 c:/st/stm32cubeide_1.8.0/stm32cubeide/plugins/com.st.stm32cube.ide.mcu.externaltools.gnu-tools-for-stm32.9-2020-q2-update.win32_2.0.0.202105311346/tools/bin/../lib/gcc/arm-none-eabi/9.3.1/../../../../arm-none-eabi/lib/thumb/v7e-m+fp/hard\libc_nano.a(lib_a-errno.o)
 .text.__errno  0x0000000000000000        0xc c:/st/stm32cubeide_1.8.0/stm32cubeide/plugins/com.st.stm32cube.ide.mcu.externaltools.gnu-tools-for-stm32.9-2020-q2-update.win32_2.0.0.202105311346/tools/bin/../lib/gcc/arm-none-eabi/9.3.1/../../../../arm-none-eabi/lib/thumb/v7e-m+fp/hard\libc_nano.a(lib_a-errno.o)
 .debug_frame   0x0000000000000000       0x20 c:/st/stm32cubeide_1.8.0/stm32cubeide/plugins/com.st.stm32cube.ide.mcu.externaltools.gnu-tools-for-stm32.9-2020-q2-update.win32_2.0.0.202105311346/tools/bin/../lib/gcc/arm-none-eabi/9.3.1/../../../../arm-none-eabi/lib/thumb/v7e-m+fp/hard\libc_nano.a(lib_a-errno.o)
 .ARM.attributes
                0x0000000000000000       0x34 c:/st/stm32cubeide_1.8.0/stm32cubeide/plugins/com.st.stm32cube.ide.mcu.externaltools.gnu-tools-for-stm32.9-2020-q2-update.win32_2.0.0.202105311346/tools/bin/../lib/gcc/arm-none-eabi/9.3.1/../../../../arm-none-eabi/lib/thumb/v7e-m+fp/hard\libc_nano.a(lib_a-errno.o)
 .text          0x0000000000000000        0x0 c:/st/stm32cubeide_1.8.0/stm32cubeide/plugins/com.st.stm32cube.ide.mcu.externaltools.gnu-tools-for-stm32.9-2020-q2-update.win32_2.0.0.202105311346/tools/bin/../lib/gcc/arm-none-eabi/9.3.1/../../../../arm-none-eabi/lib/thumb/v7e-m+fp/hard\libc_nano.a(lib_a-exit.o)
 .data          0x0000000000000000        0x0 c:/st/stm32cubeide_1.8.0/stm32cubeide/plugins/com.st.stm32cube.ide.mcu.externaltools.gnu-tools-for-stm32.9-2020-q2-update.win32_2.0.0.202105311346/tools/bin/../lib/gcc/arm-none-eabi/9.3.1/../../../../arm-none-eabi/lib/thumb/v7e-m+fp/hard\libc_nano.a(lib_a-exit.o)
 .bss           0x0000000000000000        0x0 c:/st/stm32cubeide_1.8.0/stm32cubeide/plugins/com.st.stm32cube.ide.mcu.externaltools.gnu-tools-for-stm32.9-2020-q2-update.win32_2.0.0.202105311346/tools/bin/../lib/gcc/arm-none-eabi/9.3.1/../../../../arm-none-eabi/lib/thumb/v7e-m+fp/hard\libc_nano.a(lib_a-exit.o)
 .text.exit     0x0000000000000000       0x28 c:/st/stm32cubeide_1.8.0/stm32cubeide/plugins/com.st.stm32cube.ide.mcu.externaltools.gnu-tools-for-stm32.9-2020-q2-update.win32_2.0.0.202105311346/tools/bin/../lib/gcc/arm-none-eabi/9.3.1/../../../../arm-none-eabi/lib/thumb/v7e-m+fp/hard\libc_nano.a(lib_a-exit.o)
 .debug_frame   0x0000000000000000       0x28 c:/st/stm32cubeide_1.8.0/stm32cubeide/plugins/com.st.stm32cube.ide.mcu.externaltools.gnu-tools-for-stm32.9-2020-q2-update.win32_2.0.0.202105311346/tools/bin/../lib/gcc/arm-none-eabi/9.3.1/../../../../arm-none-eabi/lib/thumb/v7e-m+fp/hard\libc_nano.a(lib_a-exit.o)
 .ARM.attributes
                0x0000000000000000       0x34 c:/st/stm32cubeide_1.8.0/stm32cubeide/plugins/com.st.stm32cube.ide.mcu.externaltools.gnu-tools-for-stm32.9-2020-q2-update.win32_2.0.0.202105311346/tools/bin/../lib/gcc/arm-none-eabi/9.3.1/../../../../arm-none-eabi/lib/thumb/v7e-m+fp/hard\libc_nano.a(lib_a-exit.o)
 .text          0x0000000000000000        0x0 c:/st/stm32cubeide_1.8.0/stm32cubeide/plugins/com.st.stm32cube.ide.mcu.externaltools.gnu-tools-for-stm32.9-2020-q2-update.win32_2.0.0.202105311346/tools/bin/../lib/gcc/arm-none-eabi/9.3.1/../../../../arm-none-eabi/lib/thumb/v7e-m+fp/hard\libc_nano.a(lib_a-impure.o)
 .data          0x0000000000000000        0x0 c:/st/stm32cubeide_1.8.0/stm32cubeide/plugins/com.st.stm32cube.ide.mcu.externaltools.gnu-tools-for-stm32.9-2020-q2-update.win32_2.0.0.202105311346/tools/bin/../lib/gcc/arm-none-eabi/9.3.1/../../../../arm-none-eabi/lib/thumb/v7e-m+fp/hard\libc_nano.a(lib_a-impure.o)
 .bss           0x0000000000000000        0x0 c:/st/stm32cubeide_1.8.0/stm32cubeide/plugins/com.st.stm32cube.ide.mcu.externaltools.gnu-tools-for-stm32.9-2020-q2-update.win32_2.0.0.202105311346/tools/bin/../lib/gcc/arm-none-eabi/9.3.1/../../../../arm-none-eabi/lib/thumb/v7e-m+fp/hard\libc_nano.a(lib_a-impure.o)
 .data._impure_ptr
                0x0000000000000000        0x4 c:/st/stm32cubeide_1.8.0/stm32cubeide/plugins/com.st.stm32cube.ide.mcu.externaltools.gnu-tools-for-stm32.9-2020-q2-update.win32_2.0.0.202105311346/tools/bin/../lib/gcc/arm-none-eabi/9.3.1/../../../../arm-none-eabi/lib/thumb/v7e-m+fp/hard\libc_nano.a(lib_a-impure.o)
 .data.impure_data
                0x0000000000000000       0x60 c:/st/stm32cubeide_1.8.0/stm32cubeide/plugins/com.st.stm32cube.ide.mcu.externaltools.gnu-tools-for-stm32.9-2020-q2-update.win32_2.0.0.202105311346/tools/bin/../lib/gcc/arm-none-eabi/9.3.1/../../../../arm-none-eabi/lib/thumb/v7e-m+fp/hard\libc_nano.a(lib_a-impure.o)
 .rodata._global_impure_ptr
                0x0000000000000000        0x4 c:/st/stm32cubeide_1.8.0/stm32cubeide/plugins/com.st.stm32cube.ide.mcu.externaltools.gnu-tools-for-stm32.9-2020-q2-update.win32_2.0.0.202105311346/tools/bin/../lib/gcc/arm-none-eabi/9.3.1/../../../../arm-none-eabi/lib/thumb/v7e-m+fp/hard\libc_nano.a(lib_a-impure.o)
 .ARM.attributes
                0x0000000000000000       0x32 c:/st/stm32cubeide_1.8.0/stm32cubeide/plugins/com.st.stm32cube.ide.mcu.externaltools.gnu-tools-for-stm32.9-2020-q2-update.win32_2.0.0.202105311346/tools/bin/../lib/gcc/arm-none-eabi/9.3.1/../../../../arm-none-eabi/lib/thumb/v7e-m+fp/hard\libc_nano.a(lib_a-impure.o)
 .text          0x0000000000000000        0x0 c:/st/stm32cubeide_1.8.0/stm32cubeide/plugins/com.st.stm32cube.ide.mcu.externaltools.gnu-tools-for-stm32.9-2020-q2-update.win32_2.0.0.202105311346/tools/bin/../lib/gcc/arm-none-eabi/9.3.1/../../../../arm-none-eabi/lib/thumb/v7e-m+fp/hard\libc_nano.a(lib_a-init.o)
 .data          0x0000000000000000        0x0 c:/st/stm32cubeide_1.8.0/stm32cubeide/plugins/com.st.stm32cube.ide.mcu.externaltools.gnu-tools-for-stm32.9-2020-q2-update.win32_2.0.0.202105311346/tools/bin/../lib/gcc/arm-none-eabi/9.3.1/../../../../arm-none-eabi/lib/thumb/v7e-m+fp/hard\libc_nano.a(lib_a-init.o)
 .bss           0x0000000000000000        0x0 c:/st/stm32cubeide_1.8.0/stm32cubeide/plugins/com.st.stm32cube.ide.mcu.externaltools.gnu-tools-for-stm32.9-2020-q2-update.win32_2.0.0.202105311346/tools/bin/../lib/gcc/arm-none-eabi/9.3.1/../../../../arm-none-eabi/lib/thumb/v7e-m+fp/hard\libc_nano.a(lib_a-init.o)
 .text          0x0000000000000000        0x0 c:/st/stm32cubeide_1.8.0/stm32cubeide/plugins/com.st.stm32cube.ide.mcu.externaltools.gnu-tools-for-stm32.9-2020-q2-update.win32_2.0.0.202105311346/tools/bin/../lib/gcc/arm-none-eabi/9.3.1/../../../../arm-none-eabi/lib/thumb/v7e-m+fp/hard\libc_nano.a(lib_a-memset.o)
 .data          0x0000000000000000        0x0 c:/st/stm32cubeide_1.8.0/stm32cubeide/plugins/com.st.stm32cube.ide.mcu.externaltools.gnu-tools-for-stm32.9-2020-q2-update.win32_2.0.0.202105311346/tools/bin/../lib/gcc/arm-none-eabi/9.3.1/../../../../arm-none-eabi/lib/thumb/v7e-m+fp/hard\libc_nano.a(lib_a-memset.o)
 .bss           0x0000000000000000        0x0 c:/st/stm32cubeide_1.8.0/stm32cubeide/plugins/com.st.stm32cube.ide.mcu.externaltools.gnu-tools-for-stm32.9-2020-q2-update.win32_2.0.0.202105311346/tools/bin/../lib/gcc/arm-none-eabi/9.3.1/../../../../arm-none-eabi/lib/thumb/v7e-m+fp/hard\libc_nano.a(lib_a-memset.o)
 .text.memset   0x0000000000000000       0x10 c:/st/stm32cubeide_1.8.0/stm32cubeide/plugins/com.st.stm32cube.ide.mcu.externaltools.gnu-tools-for-stm32.9-2020-q2-update.win32_2.0.0.202105311346/tools/bin/../lib/gcc/arm-none-eabi/9.3.1/../../../../arm-none-eabi/lib/thumb/v7e-m+fp/hard\libc_nano.a(lib_a-memset.o)
 .debug_frame   0x0000000000000000       0x20 c:/st/stm32cubeide_1.8.0/stm32cubeide/plugins/com.st.stm32cube.ide.mcu.externaltools.gnu-tools-for-stm32.9-2020-q2-update.win32_2.0.0.202105311346/tools/bin/../lib/gcc/arm-none-eabi/9.3.1/../../../../arm-none-eabi/lib/thumb/v7e-m+fp/hard\libc_nano.a(lib_a-memset.o)
 .ARM.attributes
                0x0000000000000000       0x34 c:/st/stm32cubeide_1.8.0/stm32cubeide/plugins/com.st.stm32cube.ide.mcu.externaltools.gnu-tools-for-stm32.9-2020-q2-update.win32_2.0.0.202105311346/tools/bin/../lib/gcc/arm-none-eabi/9.3.1/../../../../arm-none-eabi/lib/thumb/v7e-m+fp/hard\libc_nano.a(lib_a-memset.o)
 .text          0x0000000000000000        0x0 c:/st/stm32cubeide_1.8.0/stm32cubeide/plugins/com.st.stm32cube.ide.mcu.externaltools.gnu-tools-for-stm32.9-2020-q2-update.win32_2.0.0.202105311346/tools/bin/../lib/gcc/arm-none-eabi/9.3.1/thumb/v7e-m+fp/hard/crtend.o
 .data          0x0000000000000000        0x0 c:/st/stm32cubeide_1.8.0/stm32cubeide/plugins/com.st.stm32cube.ide.mcu.externaltools.gnu-tools-for-stm32.9-2020-q2-update.win32_2.0.0.202105311346/tools/bin/../lib/gcc/arm-none-eabi/9.3.1/thumb/v7e-m+fp/hard/crtend.o
 .bss           0x0000000000000000        0x0 c:/st/stm32cubeide_1.8.0/stm32cubeide/plugins/com.st.stm32cube.ide.mcu.externaltools.gnu-tools-for-stm32.9-2020-q2-update.win32_2.0.0.202105311346/tools/bin/../lib/gcc/arm-none-eabi/9.3.1/thumb/v7e-m+fp/hard/crtend.o
 .eh_frame      0x0000000000000000        0x4 c:/st/stm32cubeide_1.8.0/stm32cubeide/plugins/com.st.stm32cube.ide.mcu.externaltools.gnu-tools-for-stm32.9-2020-q2-update.win32_2.0.0.202105311346/tools/bin/../lib/gcc/arm-none-eabi/9.3.1/thumb/v7e-m+fp/hard/crtend.o
 .ARM.attributes
                0x0000000000000000       0x32 c:/st/stm32cubeide_1.8.0/stm32cubeide/plugins/com.st.stm32cube.ide.mcu.externaltools.gnu-tools-for-stm32.9-2020-q2-update.win32_2.0.0.202105311346/tools/bin/../lib/gcc/arm-none-eabi/9.3.1/thumb/v7e-m+fp/hard/crtend.o
 .text          0x0000000000000000        0x0 c:/st/stm32cubeide_1.8.0/stm32cubeide/plugins/com.st.stm32cube.ide.mcu.externaltools.gnu-tools-for-stm32.9-2020-q2-update.win32_2.0.0.202105311346/tools/bin/../lib/gcc/arm-none-eabi/9.3.1/thumb/v7e-m+fp/hard/crtn.o
 .data          0x0000000000000000        0x0 c:/st/stm32cubeide_1.8.0/stm32cubeide/plugins/com.st.stm32cube.ide.mcu.externaltools.gnu-tools-for-stm32.9-2020-q2-update.win32_2.0.0.202105311346/tools/bin/../lib/gcc/arm-none-eabi/9.3.1/thumb/v7e-m+fp/hard/crtn.o
 .bss           0x0000000000000000        0x0 c:/st/stm32cubeide_1.8.0/stm32cubeide/plugins/com.st.stm32cube.ide.mcu.externaltools.gnu-tools-for-stm32.9-2020-q2-update.win32_2.0.0.202105311346/tools/bin/../lib/gcc/arm-none-eabi/9.3.1/thumb/v7e-m+fp/hard/crtn.o

Memory Configuration

Name             Origin             Length             Attributes
RAM              0x0000000020000000 0x0000000000010000 xrw
FLASH            0x0000000008000000 0x0000000000040000 xr
*default*        0x0000000000000000 0xffffffffffffffff

Linker script and memory map

LOAD c:/st/stm32cubeide_1.8.0/stm32cubeide/plugins/com.st.stm32cube.ide.mcu.externaltools.gnu-tools-for-stm32.9-2020-q2-update.win32_2.0.0.202105311346/tools/bin/../lib/gcc/arm-none-eabi/9.3.1/thumb/v7e-m+fp/hard/crti.o
LOAD c:/st/stm32cubeide_1.8.0/stm32cubeide/plugins/com.st.stm32cube.ide.mcu.externaltools.gnu-tools-for-stm32.9-2020-q2-update.win32_2.0.0.202105311346/tools/bin/../lib/gcc/arm-none-eabi/9.3.1/thumb/v7e-m+fp/hard/crtbegin.o
LOAD c:/st/stm32cubeide_1.8.0/stm32cubeide/plugins/com.st.stm32cube.ide.mcu.externaltools.gnu-tools-for-stm32.9-2020-q2-update.win32_2.0.0.202105311346/tools/bin/../lib/gcc/arm-none-eabi/9.3.1/../../../../arm-none-eabi/lib/thumb/v7e-m+fp/hard/crt0.o
LOAD ./MCAL/Src/MEXTI_prog.o
LOAD ./MCAL/Src/MGPIO_program.o
LOAD ./MCAL/Src/MNVIC_program.o
LOAD ./MCAL/Src/MRCC_prog.o
LOAD ./MCAL/Src/MSYSTICK_Program.o
LOAD ./Src/main.o
LOAD ./Src/syscalls.o
LOAD ./Src/sysmem.o
LOAD ./Startup/startup_stm32f401ccux.o
START GROUP
LOAD c:/st/stm32cubeide_1.8.0/stm32cubeide/plugins/com.st.stm32cube.ide.mcu.externaltools.gnu-tools-for-stm32.9-2020-q2-update.win32_2.0.0.202105311346/tools/bin/../lib/gcc/arm-none-eabi/9.3.1/../../../../arm-none-eabi/lib/thumb/v7e-m+fp/hard\libc_nano.a
LOAD c:/st/stm32cubeide_1.8.0/stm32cubeide/plugins/com.st.stm32cube.ide.mcu.externaltools.gnu-tools-for-stm32.9-2020-q2-update.win32_2.0.0.202105311346/tools/bin/../lib/gcc/arm-none-eabi/9.3.1/../../../../arm-none-eabi/lib/thumb/v7e-m+fp/hard\libm.a
END GROUP
START GROUP
LOAD c:/st/stm32cubeide_1.8.0/stm32cubeide/plugins/com.st.stm32cube.ide.mcu.externaltools.gnu-tools-for-stm32.9-2020-q2-update.win32_2.0.0.202105311346/tools/bin/../lib/gcc/arm-none-eabi/9.3.1/thumb/v7e-m+fp/hard\libgcc.a
LOAD c:/st/stm32cubeide_1.8.0/stm32cubeide/plugins/com.st.stm32cube.ide.mcu.externaltools.gnu-tools-for-stm32.9-2020-q2-update.win32_2.0.0.202105311346/tools/bin/../lib/gcc/arm-none-eabi/9.3.1/../../../../arm-none-eabi/lib/thumb/v7e-m+fp/hard\libc_nano.a
END GROUP
START GROUP
LOAD c:/st/stm32cubeide_1.8.0/stm32cubeide/plugins/com.st.stm32cube.ide.mcu.externaltools.gnu-tools-for-stm32.9-2020-q2-update.win32_2.0.0.202105311346/tools/bin/../lib/gcc/arm-none-eabi/9.3.1/thumb/v7e-m+fp/hard\libgcc.a
LOAD c:/st/stm32cubeide_1.8.0/stm32cubeide/plugins/com.st.stm32cube.ide.mcu.externaltools.gnu-tools-for-stm32.9-2020-q2-update.win32_2.0.0.202105311346/tools/bin/../lib/gcc/arm-none-eabi/9.3.1/../../../../arm-none-eabi/lib/thumb/v7e-m+fp/hard\libc_nano.a
LOAD c:/st/stm32cubeide_1.8.0/stm32cubeide/plugins/com.st.stm32cube.ide.mcu.externaltools.gnu-tools-for-stm32.9-2020-q2-update.win32_2.0.0.202105311346/tools/bin/../lib/gcc/arm-none-eabi/9.3.1/../../../../arm-none-eabi/lib/thumb/v7e-m+fp/hard\libnosys.a
END GROUP
START GROUP
LOAD c:/st/stm32cubeide_1.8.0/stm32cubeide/plugins/com.st.stm32cube.ide.mcu.externaltools.gnu-tools-for-stm32.9-2020-q2-update.win32_2.0.0.202105311346/tools/bin/../lib/gcc/arm-none-eabi/9.3.1/thumb/v7e-m+fp/hard\libgcc.a
LOAD c:/st/stm32cubeide_1.8.0/stm32cubeide/plugins/com.st.stm32cube.ide.mcu.externaltools.gnu-tools-for-stm32.9-2020-q2-update.win32_2.0.0.202105311346/tools/bin/../lib/gcc/arm-none-eabi/9.3.1/../../../../arm-none-eabi/lib/thumb/v7e-m+fp/hard\libc_nano.a
LOAD c:/st/stm32cubeide_1.8.0/stm32cubeide/plugins/com.st.stm32cube.ide.mcu.externaltools.gnu-tools-for-stm32.9-2020-q2-update.win32_2.0.0.202105311346/tools/bin/../lib/gcc/arm-none-eabi/9.3.1/../../../../arm-none-eabi/lib/thumb/v7e-m+fp/hard\libnosys.a
END GROUP
LOAD c:/st/stm32cubeide_1.8.0/stm32cubeide/plugins/com.st.stm32cube.ide.mcu.externaltools.gnu-tools-for-stm32.9-2020-q2-update.win32_2.0.0.202105311346/tools/bin/../lib/gcc/arm-none-eabi/9.3.1/thumb/v7e-m+fp/hard/crtend.o
LOAD c:/st/stm32cubeide_1.8.0/stm32cubeide/plugins/com.st.stm32cube.ide.mcu.externaltools.gnu-tools-for-stm32.9-2020-q2-update.win32_2.0.0.202105311346/tools/bin/../lib/gcc/arm-none-eabi/9.3.1/thumb/v7e-m+fp/hard/crtn.o
                0x0000000020010000                _estack = (ORIGIN (RAM) + LENGTH (RAM))
                0x0000000000000200                _Min_Heap_Size = 0x200
                0x0000000000000400                _Min_Stack_Size = 0x400

.isr_vector     0x0000000008000000      0x194
                0x0000000008000000                . = ALIGN (0x4)
 *(.isr_vector)
 .isr_vector    0x0000000008000000      0x194 ./Startup/startup_stm32f401ccux.o
                0x0000000008000000                g_pfnVectors
                0x0000000008000194                . = ALIGN (0x4)

.text           0x0000000008000194      0x8fc
                0x0000000008000194                . = ALIGN (0x4)
 *(.text)
 .text          0x0000000008000194       0x40 c:/st/stm32cubeide_1.8.0/stm32cubeide/plugins/com.st.stm32cube.ide.mcu.externaltools.gnu-tools-for-stm32.9-2020-q2-update.win32_2.0.0.202105311346/tools/bin/../lib/gcc/arm-none-eabi/9.3.1/thumb/v7e-m+fp/hard/crtbegin.o
 *(.text*)
 .text.MGPIO_voidSetPinMode
                0x00000000080001d4       0xf0 ./MCAL/Src/MGPIO_program.o
                0x00000000080001d4                MGPIO_voidSetPinMode
 .text.MGPIO_voidSetPinOutPutType
                0x00000000080002c4       0xe4 ./MCAL/Src/MGPIO_program.o
                0x00000000080002c4                MGPIO_voidSetPinOutPutType
 .text.MGPIO_voidSetPinOutSpeed
                0x00000000080003a8       0xe0 ./MCAL/Src/MGPIO_program.o
                0x00000000080003a8                MGPIO_voidSetPinOutSpeed
 .text.MGPIO_voidWriteData
                0x0000000008000488      0x18c ./MCAL/Src/MGPIO_program.o
                0x0000000008000488                MGPIO_voidWriteData
 .text.MNVIC_VidEnablePeripheral
                0x0000000008000614       0x34 ./MCAL/Src/MNVIC_program.o
                0x0000000008000614                MNVIC_VidEnablePeripheral
 .text.MNVIC_VidSetPending
                0x0000000008000648       0x34 ./MCAL/Src/MNVIC_program.o
                0x0000000008000648                MNVIC_VidSetPending
 .text.MNVIC_VidSetPriority
                0x000000000800067c       0xf8 ./MCAL/Src/MNVIC_program.o
                0x000000000800067c                MNVIC_VidSetPriority
 .text.MRCC_voidEnablePeripheralClock
                0x0000000008000774       0x9c ./MCAL/Src/MRCC_prog.o
                0x0000000008000774                MRCC_voidEnablePeripheralClock
 .text.MRCC_voidInitSystemClk
                0x0000000008000810       0x38 ./MCAL/Src/MRCC_prog.o
                0x0000000008000810                MRCC_voidInitSystemClk
 .text.SysTick_Handler
                0x0000000008000848       0x14 ./MCAL/Src/MSYSTICK_Program.o
                0x0000000008000848                SysTick_Handler
 .text.MSTK_voidInit
                0x000000000800085c       0x18 ./MCAL/Src/MSYSTICK_Program.o
                0x000000000800085c                MSTK_voidInit
 .text.MSTK_voidStart
                0x0000000008000874       0x34 ./MCAL/Src/MSYSTICK_Program.o
                0x0000000008000874                MSTK_voidStart
 .text.MSTK_voidINTStatus
                0x00000000080008a8       0x38 ./MCAL/Src/MSYSTICK_Program.o
                0x00000000080008a8                MSTK_voidINTStatus
 .text.MSTK_u8ReadFlag
                0x00000000080008e0       0x20 ./MCAL/Src/MSYSTICK_Program.o
                0x00000000080008e0                MSTK_u8ReadFlag
 .text.EXTI0_IRQHandler
                0x0000000008000900       0x12 ./Src/main.o
                0x0000000008000900                EXTI0_IRQHandler
 .text.EXTI1_IRQHandler
                0x0000000008000912       0x12 ./Src/main.o
                0x0000000008000912                EXTI1_IRQHandler
 .text.main     0x0000000008000924       0x80 ./Src/main.o
                0x0000000008000924                main
 .text._delay_ms
                0x00000000080009a4       0x38 ./Src/main.o
                0x00000000080009a4                _delay_ms
 .text.Reset_Handler
                0x00000000080009dc       0x50 ./Startup/startup_stm32f401ccux.o
                0x00000000080009dc                Reset_Handler
 .text.Default_Handler
                0x0000000008000a2c        0x2 ./Startup/startup_stm32f401ccux.o
                0x0000000008000a2c                EXTI2_IRQHandler
                0x0000000008000a2c                DebugMon_Handler
                0x0000000008000a2c                SPI4_IRQHandler
                0x0000000008000a2c                TIM1_CC_IRQHandler
                0x0000000008000a2c                HardFault_Handler
                0x0000000008000a2c                SDIO_IRQHandler
                0x0000000008000a2c                TAMP_STAMP_IRQHandler
                0x0000000008000a2c                PendSV_Handler
                0x0000000008000a2c                NMI_Handler
                0x0000000008000a2c                EXTI3_IRQHandler
                0x0000000008000a2c                TIM1_UP_TIM10_IRQHandler
                0x0000000008000a2c                I2C3_ER_IRQHandler
                0x0000000008000a2c                EXTI18_OTG_FS_WKUP_IRQHandler
                0x0000000008000a2c                I2C2_EV_IRQHandler
                0x0000000008000a2c                FPU_IRQHandler
                0x0000000008000a2c                UsageFault_Handler
                0x0000000008000a2c                SPI1_IRQHandler
                0x0000000008000a2c                TIM1_BRK_TIM9_IRQHandler
                0x0000000008000a2c                USART6_IRQHandler
                0x0000000008000a2c                TIM4_IRQHandler
                0x0000000008000a2c                I2C1_EV_IRQHandler
                0x0000000008000a2c                TIM3_IRQHandler
                0x0000000008000a2c                RCC_IRQHandler
                0x0000000008000a2c                Default_Handler
                0x0000000008000a2c                EXTI15_10_IRQHandler
                0x0000000008000a2c                ADC_IRQHandler
                0x0000000008000a2c                TIM5_IRQHandler
                0x0000000008000a2c                I2C3_EV_IRQHandler
                0x0000000008000a2c                EXTI9_5_IRQHandler
                0x0000000008000a2c                SPI2_IRQHandler
                0x0000000008000a2c                MemManage_Handler
                0x0000000008000a2c                SVC_Handler
                0x0000000008000a2c                EXTI4_IRQHandler
                0x0000000008000a2c                EXTI22_RTC_WKUP_IRQHandler
                0x0000000008000a2c                TIM2_IRQHandler
                0x0000000008000a2c                EXTI16_PVD_IRQHandler
                0x0000000008000a2c                TIM1_TRG_COM_TIM11_IRQHandler
                0x0000000008000a2c                EXTI17_RTC_Alarm_IRQHandler
                0x0000000008000a2c                USART2_IRQHandler
                0x0000000008000a2c                I2C2_ER_IRQHandler
                0x0000000008000a2c                FLASH_IRQHandler
                0x0000000008000a2c                BusFault_Handler
                0x0000000008000a2c                USART1_IRQHandler
                0x0000000008000a2c                OTG_FS_IRQHandler
                0x0000000008000a2c                SPI3_IRQHandler
                0x0000000008000a2c                I2C1_ER_IRQHandler
 *fill*         0x0000000008000a2e        0x2 
 .text.__libc_init_array
                0x0000000008000a30       0x48 c:/st/stm32cubeide_1.8.0/stm32cubeide/plugins/com.st.stm32cube.ide.mcu.externaltools.gnu-tools-for-stm32.9-2020-q2-update.win32_2.0.0.202105311346/tools/bin/../lib/gcc/arm-none-eabi/9.3.1/../../../../arm-none-eabi/lib/thumb/v7e-m+fp/hard\libc_nano.a(lib_a-init.o)
                0x0000000008000a30                __libc_init_array
 *(.glue_7)
 .glue_7        0x0000000008000a78        0x0 linker stubs
 *(.glue_7t)
 .glue_7t       0x0000000008000a78        0x0 linker stubs
 *(.eh_frame)
 .eh_frame      0x0000000008000a78        0x0 c:/st/stm32cubeide_1.8.0/stm32cubeide/plugins/com.st.stm32cube.ide.mcu.externaltools.gnu-tools-for-stm32.9-2020-q2-update.win32_2.0.0.202105311346/tools/bin/../lib/gcc/arm-none-eabi/9.3.1/thumb/v7e-m+fp/hard/crtbegin.o
 *(.init)
 .init          0x0000000008000a78        0x4 c:/st/stm32cubeide_1.8.0/stm32cubeide/plugins/com.st.stm32cube.ide.mcu.externaltools.gnu-tools-for-stm32.9-2020-q2-update.win32_2.0.0.202105311346/tools/bin/../lib/gcc/arm-none-eabi/9.3.1/thumb/v7e-m+fp/hard/crti.o
                0x0000000008000a78                _init
 .init          0x0000000008000a7c        0x8 c:/st/stm32cubeide_1.8.0/stm32cubeide/plugins/com.st.stm32cube.ide.mcu.externaltools.gnu-tools-for-stm32.9-2020-q2-update.win32_2.0.0.202105311346/tools/bin/../lib/gcc/arm-none-eabi/9.3.1/thumb/v7e-m+fp/hard/crtn.o
 *(.fini)
 .fini          0x0000000008000a84        0x4 c:/st/stm32cubeide_1.8.0/stm32cubeide/plugins/com.st.stm32cube.ide.mcu.externaltools.gnu-tools-for-stm32.9-2020-q2-update.win32_2.0.0.202105311346/tools/bin/../lib/gcc/arm-none-eabi/9.3.1/thumb/v7e-m+fp/hard/crti.o
                0x0000000008000a84                _fini
 .fini          0x0000000008000a88        0x8 c:/st/stm32cubeide_1.8.0/stm32cubeide/plugins/com.st.stm32cube.ide.mcu.externaltools.gnu-tools-for-stm32.9-2020-q2-update.win32_2.0.0.202105311346/tools/bin/../lib/gcc/arm-none-eabi/9.3.1/thumb/v7e-m+fp/hard/crtn.o
                0x0000000008000a90                . = ALIGN (0x4)
                0x0000000008000a90                _etext = .

.vfp11_veneer   0x0000000008000a90        0x0
 .vfp11_veneer  0x0000000008000a90        0x0 linker stubs

.v4_bx          0x0000000008000a90        0x0
 .v4_bx         0x0000000008000a90        0x0 linker stubs

.iplt           0x0000000008000a90        0x0
 .iplt          0x0000000008000a90        0x0 c:/st/stm32cubeide_1.8.0/stm32cubeide/plugins/com.st.stm32cube.ide.mcu.externaltools.gnu-tools-for-stm32.9-2020-q2-update.win32_2.0.0.202105311346/tools/bin/../lib/gcc/arm-none-eabi/9.3.1/thumb/v7e-m+fp/hard/crtbegin.o

.rel.dyn        0x0000000008000a90        0x0
 .rel.iplt      0x0000000008000a90        0x0 c:/st/stm32cubeide_1.8.0/stm32cubeide/plugins/com.st.stm32cube.ide.mcu.externaltools.gnu-tools-for-stm32.9-2020-q2-update.win32_2.0.0.202105311346/tools/bin/../lib/gcc/arm-none-eabi/9.3.1/thumb/v7e-m+fp/hard/crtbegin.o

.rodata         0x0000000008000a90        0x0
                0x0000000008000a90                . = ALIGN (0x4)
 *(.rodata)
 *(.rodata*)
                0x0000000008000a90                . = ALIGN (0x4)

.ARM.extab      0x0000000008000a90        0x0
                0x0000000008000a90                . = ALIGN (0x4)
 *(.ARM.extab* .gnu.linkonce.armextab.*)
                0x0000000008000a90                . = ALIGN (0x4)

.ARM            0x0000000008000a90        0x0
                0x0000000008000a90                . = ALIGN (0x4)
                0x0000000008000a90                __exidx_start = .
 *(.ARM.exidx*)
                0x0000000008000a90                __exidx_end = .
                0x0000000008000a90                . = ALIGN (0x4)

.preinit_array  0x0000000008000a90        0x0
                0x0000000008000a90                . = ALIGN (0x4)
                0x0000000008000a90                PROVIDE (__preinit_array_start = .)
 *(.preinit_array*)
                0x0000000008000a90                PROVIDE (__preinit_array_end = .)
                0x0000000008000a90                . = ALIGN (0x4)

.init_array     0x0000000008000a90        0x4
                0x0000000008000a90                . = ALIGN (0x4)
                0x0000000008000a90                PROVIDE (__init_array_start = .)
 *(SORT_BY_NAME(.init_array.*))
 *(.init_array*)
 .init_array    0x0000000008000a90        0x4 c:/st/stm32cubeide_1.8.0/stm32cubeide/plugins/com.st.stm32cube.ide.mcu.externaltools.gnu-tools-for-stm32.9-2020-q2-update.win32_2.0.0.202105311346/tools/bin/../lib/gcc/arm-none-eabi/9.3.1/thumb/v7e-m+fp/hard/crtbegin.o
                0x0000000008000a94                PROVIDE (__init_array_end = .)
                0x0000000008000a94                . = ALIGN (0x4)

.fini_array     0x0000000008000a94        0x4
                0x0000000008000a94                . = ALIGN (0x4)
                [!provide]                        PROVIDE (__fini_array_start = .)
 *(SORT_BY_NAME(.fini_array.*))
 *(.fini_array*)
 .fini_array    0x0000000008000a94        0x4 c:/st/stm32cubeide_1.8.0/stm32cubeide/plugins/com.st.stm32cube.ide.mcu.externaltools.gnu-tools-for-stm32.9-2020-q2-update.win32_2.0.0.202105311346/tools/bin/../lib/gcc/arm-none-eabi/9.3.1/thumb/v7e-m+fp/hard/crtbegin.o
                [!provide]                        PROVIDE (__fini_array_end = .)
                0x0000000008000a98                . = ALIGN (0x4)
                0x0000000008000a98                _sidata = LOADADDR (.data)

.data           0x0000000020000000        0x0 load address 0x0000000008000a98
                0x0000000020000000                . = ALIGN (0x4)
                0x0000000020000000                _sdata = .
 *(.data)
 *(.data*)
 *(.RamFunc)
 *(.RamFunc*)
                0x0000000020000000                . = ALIGN (0x4)
                0x0000000020000000                _edata = .

.igot.plt       0x0000000020000000        0x0 load address 0x0000000008000a98
 .igot.plt      0x0000000020000000        0x0 c:/st/stm32cubeide_1.8.0/stm32cubeide/plugins/com.st.stm32cube.ide.mcu.externaltools.gnu-tools-for-stm32.9-2020-q2-update.win32_2.0.0.202105311346/tools/bin/../lib/gcc/arm-none-eabi/9.3.1/thumb/v7e-m+fp/hard/crtbegin.o
                0x0000000020000000                . = ALIGN (0x4)

.bss            0x0000000020000000       0x20 load address 0x0000000008000a98
                0x0000000020000000                _sbss = .
                0x0000000020000000                __bss_start__ = _sbss
 *(.bss)
 .bss           0x0000000020000000       0x1c c:/st/stm32cubeide_1.8.0/stm32cubeide/plugins/com.st.stm32cube.ide.mcu.externaltools.gnu-tools-for-stm32.9-2020-q2-update.win32_2.0.0.202105311346/tools/bin/../lib/gcc/arm-none-eabi/9.3.1/thumb/v7e-m+fp/hard/crtbegin.o
 *(.bss*)
 *(COMMON)
 COMMON         0x000000002000001c        0x4 ./MCAL/Src/MSYSTICK_Program.o
                0x000000002000001c                MSTK_CallBack
                0x0000000020000020                . = ALIGN (0x4)
                0x0000000020000020                _ebss = .
                0x0000000020000020                __bss_end__ = _ebss

._user_heap_stack
                0x0000000020000020      0x600 load address 0x0000000008000a98
                0x0000000020000020                . = ALIGN (0x8)
                [!provide]                        PROVIDE (end = .)
                0x0000000020000020                PROVIDE (_end = .)
                0x0000000020000220                . = (. + _Min_Heap_Size)
 *fill*         0x0000000020000020      0x200 
                0x0000000020000620                . = (. + _Min_Stack_Size)
 *fill*         0x0000000020000220      0x400 
                0x0000000020000620                . = ALIGN (0x8)

/DISCARD/
 libc.a(*)
 libm.a(*)
 libgcc.a(*)

.ARM.attributes
                0x0000000000000000       0x30
 *(.ARM.attributes)
 .ARM.attributes
                0x0000000000000000       0x1e c:/st/stm32cubeide_1.8.0/stm32cubeide/plugins/com.st.stm32cube.ide.mcu.externaltools.gnu-tools-for-stm32.9-2020-q2-update.win32_2.0.0.202105311346/tools/bin/../lib/gcc/arm-none-eabi/9.3.1/thumb/v7e-m+fp/hard/crti.o
 .ARM.attributes
                0x000000000000001e       0x34 c:/st/stm32cubeide_1.8.0/stm32cubeide/plugins/com.st.stm32cube.ide.mcu.externaltools.gnu-tools-for-stm32.9-2020-q2-update.win32_2.0.0.202105311346/tools/bin/../lib/gcc/arm-none-eabi/9.3.1/thumb/v7e-m+fp/hard/crtbegin.o
 .ARM.attributes
                0x0000000000000052       0x34 ./MCAL/Src/MGPIO_program.o
 .ARM.attributes
                0x0000000000000086       0x34 ./MCAL/Src/MNVIC_program.o
 .ARM.attributes
                0x00000000000000ba       0x34 ./MCAL/Src/MRCC_prog.o
 .ARM.attributes
                0x00000000000000ee       0x34 ./MCAL/Src/MSYSTICK_Program.o
 .ARM.attributes
                0x0000000000000122       0x34 ./Src/main.o
 .ARM.attributes
                0x0000000000000156       0x21 ./Startup/startup_stm32f401ccux.o
 .ARM.attributes
                0x0000000000000177       0x34 c:/st/stm32cubeide_1.8.0/stm32cubeide/plugins/com.st.stm32cube.ide.mcu.externaltools.gnu-tools-for-stm32.9-2020-q2-update.win32_2.0.0.202105311346/tools/bin/../lib/gcc/arm-none-eabi/9.3.1/../../../../arm-none-eabi/lib/thumb/v7e-m+fp/hard\libc_nano.a(lib_a-init.o)
 .ARM.attributes
                0x00000000000001ab       0x1e c:/st/stm32cubeide_1.8.0/stm32cubeide/plugins/com.st.stm32cube.ide.mcu.externaltools.gnu-tools-for-stm32.9-2020-q2-update.win32_2.0.0.202105311346/tools/bin/../lib/gcc/arm-none-eabi/9.3.1/thumb/v7e-m+fp/hard/crtn.o
OUTPUT(03_ToggleLEDWithBTN_EXTI.elf elf32-littlearm)
LOAD linker stubs
LOAD c:/st/stm32cubeide_1.8.0/stm32cubeide/plugins/com.st.stm32cube.ide.mcu.externaltools.gnu-tools-for-stm32.9-2020-q2-update.win32_2.0.0.202105311346/tools/bin/../lib/gcc/arm-none-eabi/9.3.1/../../../../arm-none-eabi/lib/thumb/v7e-m+fp/hard\libc.a
LOAD c:/st/stm32cubeide_1.8.0/stm32cubeide/plugins/com.st.stm32cube.ide.mcu.externaltools.gnu-tools-for-stm32.9-2020-q2-update.win32_2.0.0.202105311346/tools/bin/../lib/gcc/arm-none-eabi/9.3.1/../../../../arm-none-eabi/lib/thumb/v7e-m+fp/hard\libm.a
LOAD c:/st/stm32cubeide_1.8.0/stm32cubeide/plugins/com.st.stm32cube.ide.mcu.externaltools.gnu-tools-for-stm32.9-2020-q2-update.win32_2.0.0.202105311346/tools/bin/../lib/gcc/arm-none-eabi/9.3.1/thumb/v7e-m+fp/hard\libgcc.a

.debug_info     0x0000000000000000      0xdc1
 .debug_info    0x0000000000000000      0x381 ./MCAL/Src/MGPIO_program.o
 .debug_info    0x0000000000000381      0x34c ./MCAL/Src/MNVIC_program.o
 .debug_info    0x00000000000006cd      0x400 ./MCAL/Src/MRCC_prog.o
 .debug_info    0x0000000000000acd      0x19b ./MCAL/Src/MSYSTICK_Program.o
 .debug_info    0x0000000000000c68      0x137 ./Src/main.o
 .debug_info    0x0000000000000d9f       0x22 ./Startup/startup_stm32f401ccux.o

.debug_abbrev   0x0000000000000000      0x549
 .debug_abbrev  0x0000000000000000      0x11b ./MCAL/Src/MGPIO_program.o
 .debug_abbrev  0x000000000000011b      0x131 ./MCAL/Src/MNVIC_program.o
 .debug_abbrev  0x000000000000024c      0x107 ./MCAL/Src/MRCC_prog.o
 .debug_abbrev  0x0000000000000353      0x129 ./MCAL/Src/MSYSTICK_Program.o
 .debug_abbrev  0x000000000000047c       0xbb ./Src/main.o
 .debug_abbrev  0x0000000000000537       0x12 ./Startup/startup_stm32f401ccux.o

.debug_aranges  0x0000000000000000      0x1a0
 .debug_aranges
                0x0000000000000000       0x60 ./MCAL/Src/MGPIO_program.o
 .debug_aranges
                0x0000000000000060       0x48 ./MCAL/Src/MNVIC_program.o
 .debug_aranges
                0x00000000000000a8       0x48 ./MCAL/Src/MRCC_prog.o
 .debug_aranges
                0x00000000000000f0       0x48 ./MCAL/Src/MSYSTICK_Program.o
 .debug_aranges
                0x0000000000000138       0x40 ./Src/main.o
 .debug_aranges
                0x0000000000000178       0x28 ./Startup/startup_stm32f401ccux.o

.debug_ranges   0x0000000000000000      0x148
 .debug_ranges  0x0000000000000000       0x50 ./MCAL/Src/MGPIO_program.o
 .debug_ranges  0x0000000000000050       0x38 ./MCAL/Src/MNVIC_program.o
 .debug_ranges  0x0000000000000088       0x38 ./MCAL/Src/MRCC_prog.o
 .debug_ranges  0x00000000000000c0       0x38 ./MCAL/Src/MSYSTICK_Program.o
 .debug_ranges  0x00000000000000f8       0x30 ./Src/main.o
 .debug_ranges  0x0000000000000128       0x20 ./Startup/startup_stm32f401ccux.o

.debug_macro    0x0000000000000000      0x7fe
 .debug_macro   0x0000000000000000       0x57 ./MCAL/Src/MGPIO_program.o
 .debug_macro   0x0000000000000057      0x1cc ./MCAL/Src/MGPIO_program.o
 .debug_macro   0x0000000000000223      0x160 ./MCAL/Src/MGPIO_program.o
 .debug_macro   0x0000000000000383       0x49 ./MCAL/Src/MNVIC_program.o
 .debug_macro   0x00000000000003cc       0x1c ./MCAL/Src/MNVIC_program.o
 .debug_macro   0x00000000000003e8       0x6a ./MCAL/Src/MNVIC_program.o
 .debug_macro   0x0000000000000452       0x56 ./MCAL/Src/MRCC_prog.o
 .debug_macro   0x00000000000004a8       0x9a ./MCAL/Src/MRCC_prog.o
 .debug_macro   0x0000000000000542       0x1c ./MCAL/Src/MRCC_prog.o
 .debug_macro   0x000000000000055e      0x189 ./MCAL/Src/MRCC_prog.o
 .debug_macro   0x00000000000006e7       0x49 ./MCAL/Src/MSYSTICK_Program.o
 .debug_macro   0x0000000000000730       0x16 ./MCAL/Src/MSYSTICK_Program.o
 .debug_macro   0x0000000000000746       0x16 ./MCAL/Src/MSYSTICK_Program.o
 .debug_macro   0x000000000000075c       0x8c ./Src/main.o
 .debug_macro   0x00000000000007e8       0x16 ./Src/main.o

.debug_line     0x0000000000000000     0x115f
 .debug_line    0x0000000000000000      0x6de ./MCAL/Src/MGPIO_program.o
 .debug_line    0x00000000000006de      0x2bd ./MCAL/Src/MNVIC_program.o
 .debug_line    0x000000000000099b      0x280 ./MCAL/Src/MRCC_prog.o
 .debug_line    0x0000000000000c1b      0x227 ./MCAL/Src/MSYSTICK_Program.o
 .debug_line    0x0000000000000e42      0x299 ./Src/main.o
 .debug_line    0x00000000000010db       0x84 ./Startup/startup_stm32f401ccux.o

.debug_str      0x0000000000000000     0x55e1
 .debug_str     0x0000000000000000     0x4448 ./MCAL/Src/MGPIO_program.o
                                       0x44ce (size before relaxing)
 .debug_str     0x0000000000004448      0x2ea ./MCAL/Src/MNVIC_program.o
                                       0x3323 (size before relaxing)
 .debug_str     0x0000000000004732      0xcb4 ./MCAL/Src/MRCC_prog.o
                                       0x3cfd (size before relaxing)
 .debug_str     0x00000000000053e6      0x162 ./MCAL/Src/MSYSTICK_Program.o
                                       0x3185 (size before relaxing)
 .debug_str     0x0000000000005548       0x68 ./Src/main.o
                                       0x4f04 (size before relaxing)
 .debug_str     0x00000000000055b0       0x31 ./Startup/startup_stm32f401ccux.o
                                         0x96 (size before relaxing)

.comment        0x0000000000000000       0x53
 .comment       0x0000000000000000       0x53 ./MCAL/Src/MGPIO_program.o
                                         0x54 (size before relaxing)
 .comment       0x0000000000000053       0x54 ./MCAL/Src/MNVIC_program.o
 .comment       0x0000000000000053       0x54 ./MCAL/Src/MRCC_prog.o
 .comment       0x0000000000000053       0x54 ./MCAL/Src/MSYSTICK_Program.o
 .comment       0x0000000000000053       0x54 ./Src/main.o

.debug_frame    0x0000000000000000      0x51c
 .debug_frame   0x0000000000000000      0x178 ./MCAL/Src/MGPIO_program.o
 .debug_frame   0x0000000000000178      0x100 ./MCAL/Src/MNVIC_program.o
 .debug_frame   0x0000000000000278       0xe8 ./MCAL/Src/MRCC_prog.o
 .debug_frame   0x0000000000000360       0xe4 ./MCAL/Src/MSYSTICK_Program.o
 .debug_frame   0x0000000000000444       0xac ./Src/main.o
 .debug_frame   0x00000000000004f0       0x2c c:/st/stm32cubeide_1.8.0/stm32cubeide/plugins/com.st.stm32cube.ide.mcu.externaltools.gnu-tools-for-stm32.9-2020-q2-update.win32_2.0.0.202105311346/tools/bin/../lib/gcc/arm-none-eabi/9.3.1/../../../../arm-none-eabi/lib/thumb/v7e-m+fp/hard\libc_nano.a(lib_a-init.o)
